Archive member included to satisfy reference by file (symbol)

d:/ucb/pes/mcuxpressoinstalled/mcuxpressoide_11.2.0_4120/ide/plugins/com.nxp.mcuxpresso.tools.win32_11.2.0.202001021529/tools/bin/../lib/gcc/arm-none-eabi/9.2.1/../../../../arm-none-eabi/lib/thumb/v6-m/nofp\libcr_nohost_nf.a(__ciob.o)
                              ./source/finiteStateMachine.o (__Ciob)
d:/ucb/pes/mcuxpressoinstalled/mcuxpressoide_11.2.0_4120/ide/plugins/com.nxp.mcuxpresso.tools.win32_11.2.0.202001021529/tools/bin/../lib/gcc/arm-none-eabi/9.2.1/../../../../arm-none-eabi/lib/thumb/v6-m/nofp\libcr_nohost_nf.a(_cr__main.o)
                              ./startup/startup_mkl25z4.o (__main)
d:/ucb/pes/mcuxpressoinstalled/mcuxpressoide_11.2.0_4120/ide/plugins/com.nxp.mcuxpresso.tools.win32_11.2.0.202001021529/tools/bin/../lib/gcc/arm-none-eabi/9.2.1/../../../../arm-none-eabi/lib/thumb/v6-m/nofp\libcr_c.a(memcpy.o)
                              ./drivers/fsl_flash.o (memcpy)
d:/ucb/pes/mcuxpressoinstalled/mcuxpressoide_11.2.0_4120/ide/plugins/com.nxp.mcuxpresso.tools.win32_11.2.0.202001021529/tools/bin/../lib/gcc/arm-none-eabi/9.2.1/../../../../arm-none-eabi/lib/thumb/v6-m/nofp\libcr_c.a(memset.o)
                              ./drivers/fsl_flash.o (memset)
d:/ucb/pes/mcuxpressoinstalled/mcuxpressoide_11.2.0_4120/ide/plugins/com.nxp.mcuxpresso.tools.win32_11.2.0.202001021529/tools/bin/../lib/gcc/arm-none-eabi/9.2.1/../../../../arm-none-eabi/lib/thumb/v6-m/nofp\libcr_c.a(__fillbuf.o)
                              ./source/finiteStateMachine.o (__filbuf)
d:/ucb/pes/mcuxpressoinstalled/mcuxpressoide_11.2.0_4120/ide/plugins/com.nxp.mcuxpresso.tools.win32_11.2.0.202001021529/tools/bin/../lib/gcc/arm-none-eabi/9.2.1/../../../../arm-none-eabi/lib/thumb/v6-m/nofp\libcr_c.a(_deferredlazyseek.o)
                              d:/ucb/pes/mcuxpressoinstalled/mcuxpressoide_11.2.0_4120/ide/plugins/com.nxp.mcuxpresso.tools.win32_11.2.0.202001021529/tools/bin/../lib/gcc/arm-none-eabi/9.2.1/../../../../arm-none-eabi/lib/thumb/v6-m/nofp\libcr_c.a(__fillbuf.o) (_deferredlazyseek)
d:/ucb/pes/mcuxpressoinstalled/mcuxpressoide_11.2.0_4120/ide/plugins/com.nxp.mcuxpresso.tools.win32_11.2.0.202001021529/tools/bin/../lib/gcc/arm-none-eabi/9.2.1/../../../../arm-none-eabi/lib/thumb/v6-m/nofp\libcr_c.a(_fflush.o)
                              d:/ucb/pes/mcuxpressoinstalled/mcuxpressoide_11.2.0_4120/ide/plugins/com.nxp.mcuxpresso.tools.win32_11.2.0.202001021529/tools/bin/../lib/gcc/arm-none-eabi/9.2.1/../../../../arm-none-eabi/lib/thumb/v6-m/nofp\libcr_c.a(__fillbuf.o) (_fflush)
d:/ucb/pes/mcuxpressoinstalled/mcuxpressoide_11.2.0_4120/ide/plugins/com.nxp.mcuxpresso.tools.win32_11.2.0.202001021529/tools/bin/../lib/gcc/arm-none-eabi/9.2.1/../../../../arm-none-eabi/lib/thumb/v6-m/nofp\libcr_c.a(_writebuf.o)
                              d:/ucb/pes/mcuxpressoinstalled/mcuxpressoide_11.2.0_4120/ide/plugins/com.nxp.mcuxpresso.tools.win32_11.2.0.202001021529/tools/bin/../lib/gcc/arm-none-eabi/9.2.1/../../../../arm-none-eabi/lib/thumb/v6-m/nofp\libcr_c.a(_deferredlazyseek.o) (_Cwritebuf)
d:/ucb/pes/mcuxpressoinstalled/mcuxpressoide_11.2.0_4120/ide/plugins/com.nxp.mcuxpresso.tools.win32_11.2.0.202001021529/tools/bin/../lib/gcc/arm-none-eabi/9.2.1/../../../../arm-none-eabi/lib/thumb/v6-m/nofp\libcr_c.a(acos.o)
                              ./source/mma8451.o (acos)
d:/ucb/pes/mcuxpressoinstalled/mcuxpressoide_11.2.0_4120/ide/plugins/com.nxp.mcuxpresso.tools.win32_11.2.0.202001021529/tools/bin/../lib/gcc/arm-none-eabi/9.2.1/../../../../arm-none-eabi/lib/thumb/v6-m/nofp\libcr_c.a(alloc.o)
                              d:/ucb/pes/mcuxpressoinstalled/mcuxpressoide_11.2.0_4120/ide/plugins/com.nxp.mcuxpresso.tools.win32_11.2.0.202001021529/tools/bin/../lib/gcc/arm-none-eabi/9.2.1/../../../../arm-none-eabi/lib/thumb/v6-m/nofp\libcr_c.a(__fillbuf.o) (_Csys_alloc)
d:/ucb/pes/mcuxpressoinstalled/mcuxpressoide_11.2.0_4120/ide/plugins/com.nxp.mcuxpresso.tools.win32_11.2.0.202001021529/tools/bin/../lib/gcc/arm-none-eabi/9.2.1/../../../../arm-none-eabi/lib/thumb/v6-m/nofp\libcr_c.a(atan2.o)
                              ./source/mma8451.o (atan2)
d:/ucb/pes/mcuxpressoinstalled/mcuxpressoide_11.2.0_4120/ide/plugins/com.nxp.mcuxpresso.tools.win32_11.2.0.202001021529/tools/bin/../lib/gcc/arm-none-eabi/9.2.1/../../../../arm-none-eabi/lib/thumb/v6-m/nofp\libcr_c.a(errno.o)
                              d:/ucb/pes/mcuxpressoinstalled/mcuxpressoide_11.2.0_4120/ide/plugins/com.nxp.mcuxpresso.tools.win32_11.2.0.202001021529/tools/bin/../lib/gcc/arm-none-eabi/9.2.1/../../../../arm-none-eabi/lib/thumb/v6-m/nofp\libcr_c.a(atan2.o) (errno)
d:/ucb/pes/mcuxpressoinstalled/mcuxpressoide_11.2.0_4120/ide/plugins/com.nxp.mcuxpresso.tools.win32_11.2.0.202001021529/tools/bin/../lib/gcc/arm-none-eabi/9.2.1/../../../../arm-none-eabi/lib/thumb/v6-m/nofp\libcr_c.a(fabs.o)
[...]
Memory Configuration

Name             Origin             Length             Attributes
PROGRAM_FLASH    0x00000000         0x00020000         xr
SRAM             0x1ffff000         0x00004000         xrw
*default*        0x00000000         0xffffffff

Linker script and memory map

LOAD ./utilities/fsl_debug_console.o
LOAD ./startup/startup_mkl25z4.o
LOAD ./source/cbfifo.o
LOAD ./source/delay.o
LOAD ./source/finiteStateMachine.o
LOAD ./source/i2c.o
LOAD ./source/led.o
LOAD ./source/mma8451.o
LOAD ./source/mtb.o
LOAD ./source/semihost_hardfault.o
LOAD ./source/switch.o
LOAD ./source/sys_read_write.o
LOAD ./source/sysclock.o
LOAD ./source/test_cbfifo.o
LOAD ./source/tilt_angle_Acc_MKL25Z128xxx4_Project.o
LOAD ./source/touch.o
LOAD ./source/uart.o
LOAD ./drivers/fsl_clock.o
LOAD ./drivers/fsl_common.o
LOAD ./drivers/fsl_flash.o
LOAD ./drivers/fsl_gpio.o
LOAD ./drivers/fsl_lpsci.o
LOAD ./drivers/fsl_smc.o
LOAD ./drivers/fsl_uart.o
LOAD ./board/board.o
LOAD ./board/clock_config.o
LOAD ./board/peripherals.o
LOAD ./board/pin_mux.o
LOAD ./CMSIS/system_MKL25Z4.o
START GROUP
LOAD d:/ucb/pes/mcuxpressoinstalled/mcuxpressoide_11.2.0_4120/ide/plugins/com.nxp.mcuxpresso.tools.win32_11.2.0.202001021529/tools/bin/../lib/gcc/arm-none-eabi/9.2.1/../../../../arm-none-eabi/lib/thumb/v6-m/nofp\libcr_nohost_nf.a
LOAD d:/ucb/pes/mcuxpressoinstalled/mcuxpressoide_11.2.0_4120/ide/plugins/com.nxp.mcuxpresso.tools.win32_11.2.0.202001021529/tools/bin/../lib/gcc/arm-none-eabi/9.2.1/../../../../arm-none-eabi/lib/thumb/v6-m/nofp\libcr_c.a
LOAD d:/ucb/pes/mcuxpressoinstalled/mcuxpressoide_11.2.0_4120/ide/plugins/com.nxp.mcuxpresso.tools.win32_11.2.0.202001021529/tools/bin/../lib/gcc/arm-none-eabi/9.2.1/thumb/v6-m/nofp\libcr_eabihelpers.a
LOAD d:/ucb/pes/mcuxpressoinstalled/mcuxpressoide_11.2.0_4120/ide/plugins/com.nxp.mcuxpresso.tools.win32_11.2.0.202001021529/tools/bin/../lib/gcc/arm-none-eabi/9.2.1/thumb/v6-m/nofp\libgcc.a
END GROUP
                0x00000000                __base_PROGRAM_FLASH = 0x0
                0x00000000                __base_Flash = 0x0
                0x00020000                __top_PROGRAM_FLASH = 0x20000
                0x00020000                __top_Flash = 0x20000
                0x1ffff000                __base_SRAM = 0x1ffff000
                0x1ffff000                __base_RAM = 0x1ffff000
                0x20003000                __top_SRAM = 0x20003000
                0x20003000                __top_RAM = 0x20003000

.text           0x00000000     0x79c8
 FILL mask 0xff
                0x00000000                __vectors_start__ = ABSOLUTE (.)
 *(SORT_BY_ALIGNMENT(.isr_vector))
 .isr_vector    0x00000000       0xc0 ./startup/startup_mkl25z4.o
                0x00000000                g_pfnVectors
                0x00000000                __Vectors
                0x000000c0                . = ALIGN (0x4)
                0x000000c0                __section_table_start = .
                0x000000c0                __data_section_table = .
                0x000000c0        0x4 LONG 0x79c8 LOADADDR (.data)
                0x000000c4        0x4 LONG 0x1ffff080 ADDR (.data)
                0x000000c8        0x4 LONG 0x0 SIZEOF (.data)
                0x000000cc                __data_section_table_end = .
                0x000000cc                __bss_section_table = .
                0x000000cc        0x4 LONG 0x1ffff080 ADDR (.bss)
                0x000000d0        0x4 LONG 0x338 SIZEOF (.bss)
                0x000000d4                __bss_section_table_end = .
                0x000000d4                __section_table_end = .
 *(SORT_BY_ALIGNMENT(.after_vectors*))
 .after_vectors.reset
                0x000000d4       0x4c ./startup/startup_mkl25z4.o
                0x000000d4                ResetISR
 .after_vectors.init_data
                0x00000120       0x12 ./startup/startup_mkl25z4.o
                0x00000120                data_init
 .after_vectors.init_bss
                0x00000132       0x10 ./startup/startup_mkl25z4.o
                0x00000132                bss_init
 .after_vectors
                0x00000142      0x10c ./startup/startup_mkl25z4.o
                0x00000142                NMI_Handler
                0x00000146                SVC_Handler
                0x00000148                PendSV_Handler
                0x0000014a                SysTick_Handler
                0x0000014c                LPTMR0_DriverIRQHandler
                0x0000014c                Reserved39_DriverIRQHandler
                0x0000014c                DMA0_DriverIRQHandler
                0x0000014c                SPI1_DriverIRQHandler
                0x0000014c                I2C0_DriverIRQHandler
                0x0000014c                PORTD_DriverIRQHandler
                0x0000014c                DMA2_DriverIRQHandler
                0x0000014c                CMP0_DriverIRQHandler
                0x0000014c                TPM2_DriverIRQHandler
                0x0000014c                ADC0_DriverIRQHandler
                0x0000014c                SPI0_DriverIRQHandler
                0x0000014c                TSI0_DriverIRQHandler
                0x0000014c                RTC_Seconds_DriverIRQHandler
                0x0000014c                I2C1_DriverIRQHandler
                0x0000014c                LLWU_DriverIRQHandler
                0x0000014c                MCG_DriverIRQHandler
                0x0000014c                DMA1_DriverIRQHandler
                0x0000014c                PIT_DriverIRQHandler
                0x0000014c                RTC_DriverIRQHandler
                0x0000014c                FTFA_DriverIRQHandler
                0x0000014c                IntDefaultHandler
                0x0000014c                USB0_DriverIRQHandler
                0x0000014c                DAC0_DriverIRQHandler
                0x0000014c                LVD_LVW_DriverIRQHandler
                0x0000014c                TPM0_DriverIRQHandler
                0x0000014c                TPM1_DriverIRQHandler
                0x0000014c                PORTA_DriverIRQHandler
                0x0000014c                Reserved20_DriverIRQHandler
                0x0000014c                DMA3_DriverIRQHandler
                0x0000014c                Reserved45_DriverIRQHandler
                0x0000014e                DMA0_IRQHandler
                0x00000156                DMA1_IRQHandler
                0x0000015e                DMA2_IRQHandler
                0x00000166                DMA3_IRQHandler
                0x0000016e                Reserved20_IRQHandler
                0x00000176                FTFA_IRQHandler
                0x0000017e                LVD_LVW_IRQHandler
                0x00000186                LLWU_IRQHandler
                0x0000018e                I2C0_IRQHandler
                0x00000196                I2C1_IRQHandler
                0x0000019e                SPI0_IRQHandler
                0x000001a6                SPI1_IRQHandler
                0x000001b6                UART1_IRQHandler
                0x000001be                UART2_IRQHandler
                0x000001c6                ADC0_IRQHandler
                0x000001ce                CMP0_IRQHandler
                0x000001d6                TPM0_IRQHandler
                0x000001de                TPM1_IRQHandler
                0x000001e6                TPM2_IRQHandler
                0x000001ee                RTC_IRQHandler
                0x000001f6                RTC_Seconds_IRQHandler
                0x000001fe                PIT_IRQHandler
                0x00000206                Reserved39_IRQHandler
                0x0000020e                USB0_IRQHandler
                0x00000216                DAC0_IRQHandler
                0x0000021e                TSI0_IRQHandler
                0x00000226                MCG_IRQHandler
                0x0000022e                LPTMR0_IRQHandler
                0x00000236                Reserved45_IRQHandler
                0x0000023e                PORTA_IRQHandler
                0x00000400                . = 0x400
 *fill*         0x0000024e      0x1b2 ff
                0x00000400                PROVIDE (__FLASH_CONFIG_START__ = .)
 *(SORT_BY_ALIGNMENT(.FlashConfig))
 .FlashConfig   0x00000400       0x10 ./startup/startup_mkl25z4.o
                0x00000400                Flash_Config
                0x00000410                PROVIDE (__FLASH_CONFIG_END__ = .)
                0x00000001                ASSERT (! ((__FLASH_CONFIG_START__ == __FLASH_CONFIG_END__)), Linker Flash Config Support Enabled, but no .FlashConfig section provided within application)
 *(SORT_BY_ALIGNMENT(.text*))
 .text.DbgConsole_Printf
                0x00000410       0x44 ./utilities/fsl_debug_console.o
                0x00000410                DbgConsole_Printf
 .text.DbgConsole_Putchar
                0x00000454       0x34 ./utilities/fsl_debug_console.o
                0x00000454                DbgConsole_Putchar
 .text.DbgConsole_ConvertFloatRadixNumToString
                0x00000488      0x28c ./utilities/fsl_debug_console.o
 .text.delay    0x00000714       0x2c ./source/delay.o
                0x00000714                delay
 .text.accumulateLine
                0x00000740       0xcc ./source/finiteStateMachine.o
                0x00000740                accumulateLine
 .text.handleUserInputState
                0x0000080c       0xc0 ./source/finiteStateMachine.o
 .text.handleCalibrateZeroDegreesState
                0x000008cc       0x94 ./source/finiteStateMachine.o
 .text.handleComputeTiltAngleState
                0x00000960       0xd8 ./source/finiteStateMachine.o
 .text.handleIlluminateLedState
                0x00000a38       0x74 ./source/finiteStateMachine.o
 .text.fsmLoop  0x00000aac       0x7c ./source/finiteStateMachine.o
                0x00000aac                fsmLoop
 .text.i2c_init
                0x00000b28       0x84 ./source/i2c.o
                0x00000b28                i2c_init
 .text.i2c_busy
                0x00000bac      0x174 ./source/i2c.o
                0x00000bac                i2c_busy
 .text.i2c_wait
                0x00000d20       0x6c ./source/i2c.o
                0x00000d20                i2c_wait
 .text.i2c_start
                0x00000d8c       0x30 ./source/i2c.o
                0x00000d8c                i2c_start
 .text.i2c_read_setup
                0x00000dbc       0x68 ./source/i2c.o
                0x00000dbc                i2c_read_setup
 .text.i2c_repeated_read
                0x00000e24       0x80 ./source/i2c.o
                0x00000e24                i2c_repeated_read
 .text.i2c_write_byte
                0x00000ea4       0x80 ./source/i2c.o
                0x00000ea4                i2c_write_byte
 .text.rgbInit  0x00000f24       0x80 ./source/led.o
                0x00000f24                rgbInit
 .text.turnOnRedLed
                0x00000fa4       0x3c ./source/led.o
                0x00000fa4                turnOnRedLed
 .text.turnOffRedLed
                0x00000fe0       0x18 ./source/led.o
                0x00000fe0                turnOffRedLed
 .text.turnOnGreenLed
                0x00000ff8       0x3c ./source/led.o
                0x00000ff8                turnOnGreenLed
 .text.turnOffGreenLed
                0x00001034       0x18 ./source/led.o
                0x00001034                turnOffGreenLed
 .text.turnOnBlueLed
                0x0000104c       0x38 ./source/led.o
                0x0000104c                turnOnBlueLed
 .text.turnOffBlueLed
                0x00001084       0x14 ./source/led.o
                0x00001084                turnOffBlueLed
 .text.read_full_xyz
                0x00001098       0xd8 ./source/mma8451.o
                0x00001098                read_full_xyz
 .text.computeTiltAngle
                0x00001170      0x1fc ./source/mma8451.o
                0x00001170                computeTiltAngle
 .text.self_test
                0x0000136c      0x15c ./source/mma8451.o
                0x0000136c                self_test
 .text.HardFault_Handler
                0x000014c8       0x30 ./source/semihost_hardfault.o
                0x000014c8                HardFault_Handler
 .text.NVIC_EnableIRQ
                0x000014f8       0x2c ./source/switch.o
 .text.NVIC_ClearPendingIRQ
                0x00001524       0x30 ./source/switch.o
 .text.NVIC_SetPriority
                0x00001554       0xdc ./source/switch.o
 .text.getSwitchState
                0x00001630       0x14 ./source/switch.o
                0x00001630                getSwitchState
 .text.setSwitchState
                0x00001644       0x20 ./source/switch.o
                0x00001644                setSwitchState
 .text.initSwitch
                0x00001664       0x74 ./source/switch.o
                0x00001664                initSwitch
 .text.initializeGPIOInterrupt
                0x000016d8       0x30 ./source/switch.o
                0x000016d8                initializeGPIOInterrupt
 .text.PORTD_IRQHandler
                0x00001708       0x30 ./source/switch.o
                0x00001708                PORTD_IRQHandler
 .text.__sys_write
                0x00001738       0x78 ./source/sys_read_write.o
                0x00001738                __sys_write
 .text.__sys_readc
                0x000017b0       0x34 ./source/sys_read_write.o
                0x000017b0                __sys_readc
 .text.sysclock_init
                0x000017e4       0x78 ./source/sysclock.o
                0x000017e4                sysclock_init
 .text.test_cbfifo_1
                0x0000185c      0x280 ./source/test_cbfifo.o
                0x0000185c                test_cbfifo_1
 .text.test_cbfifo_2
                0x00001adc      0x2d8 ./source/test_cbfifo.o
                0x00001adc                test_cbfifo_2
 .text.main     0x00001db4       0x54 ./source/tilt_angle_Acc_MKL25Z128xxx4_Project.o
                0x00001db4                main
 .text.touchInit
                0x00001e08       0x30 ./source/touch.o
                0x00001e08                touchInit
 .text.touchScanLH
                0x00001e38       0x5c ./source/touch.o
                0x00001e38                touchScanLH
 .text.NVIC_EnableIRQ
                0x00001e94       0x2c ./source/uart.o
 .text.NVIC_ClearPendingIRQ
                0x00001ec0       0x30 ./source/uart.o
 .text.NVIC_SetPriority
                0x00001ef0       0xdc ./source/uart.o
 .text.Init_UART0
                0x00001fcc      0x1a8 ./source/uart.o
                0x00001fcc                Init_UART0
 .text.UART0_IRQHandler
                0x00002174       0xc8 ./source/uart.o
                0x00002174                UART0_IRQHandler
 .text.__assertion_failed
                0x0000223c       0x1c ./drivers/fsl_common.o
                0x0000223c                __assertion_failed
 .text.UART0_DriverIRQHandler
                0x00002258       0x24 ./drivers/fsl_lpsci.o
                0x00002258                UART0_DriverIRQHandler
 .text.UART1_DriverIRQHandler
                0x0000227c       0x24 ./drivers/fsl_uart.o
                0x0000227c                UART1_DriverIRQHandler
 .text.UART2_DriverIRQHandler
                0x000022a0       0x24 ./drivers/fsl_uart.o
                0x000022a0                UART2_DriverIRQHandler
 .text.SystemInit
                0x000022c4       0x18 ./CMSIS/system_MKL25Z4.o
                0x000022c4                SystemInit
 .text.__filbuf
                0x000022dc      0x188 d:/ucb/pes/mcuxpressoinstalled/mcuxpressoide_11.2.0_4120/ide/plugins/com.nxp.mcuxpresso.tools.win32_11.2.0.202001021529/tools/bin/../lib/gcc/arm-none-eabi/9.2.1/../../../../arm-none-eabi/lib/thumb/v6-m/nofp\libcr_c.a(__fillbuf.o)
                0x000022dc                __filbuf
 .text._deferredlazyseek
                0x00002464       0x40 d:/ucb/pes/mcuxpressoinstalled/mcuxpressoide_11.2.0_4120/ide/plugins/com.nxp.mcuxpresso.tools.win32_11.2.0.202001021529/tools/bin/../lib/gcc/arm-none-eabi/9.2.1/../../../../arm-none-eabi/lib/thumb/v6-m/nofp\libcr_c.a(_deferredlazyseek.o)
                0x00002464                _deferredlazyseek
 .text.__flsbuf
                0x000024a4      0x150 d:/ucb/pes/mcuxpressoinstalled/mcuxpressoide_11.2.0_4120/ide/plugins/com.nxp.mcuxpresso.tools.win32_11.2.0.202001021529/tools/bin/../lib/gcc/arm-none-eabi/9.2.1/../../../../arm-none-eabi/lib/thumb/v6-m/nofp\libcr_c.a(_deferredlazyseek.o)
                0x000024a4                __flsbuf
 .text._fflush  0x000025f4       0x60 d:/ucb/pes/mcuxpressoinstalled/mcuxpressoide_11.2.0_4120/ide/plugins/com.nxp.mcuxpresso.tools.win32_11.2.0.202001021529/tools/bin/../lib/gcc/arm-none-eabi/9.2.1/../../../../arm-none-eabi/lib/thumb/v6-m/nofp\libcr_c.a(_fflush.o)
                0x000025f4                _fflush
 .text._Cwritebuf
                0x00002654       0x68 d:/ucb/pes/mcuxpressoinstalled/mcuxpressoide_11.2.0_4120/ide/plugins/com.nxp.mcuxpresso.tools.win32_11.2.0.202001021529/tools/bin/../lib/gcc/arm-none-eabi/9.2.1/../../../../arm-none-eabi/lib/thumb/v6-m/nofp\libcr_c.a(_writebuf.o)
                0x00002654                _Cwritebuf
 .text.malloc   0x000026bc       0xd0 d:/ucb/pes/mcuxpressoinstalled/mcuxpressoide_11.2.0_4120/ide/plugins/com.nxp.mcuxpresso.tools.win32_11.2.0.202001021529/tools/bin/../lib/gcc/arm-none-eabi/9.2.1/../../../../arm-none-eabi/lib/thumb/v6-m/nofp\libcr_c.a(alloc.o)
                0x000026bc                malloc
 .text._Csys_alloc
                0x0000278c       0x20 d:/ucb/pes/mcuxpressoinstalled/mcuxpressoide_11.2.0_4120/ide/plugins/com.nxp.mcuxpresso.tools.win32_11.2.0.202001021529/tools/bin/../lib/gcc/arm-none-eabi/9.2.1/../../../../arm-none-eabi/lib/thumb/v6-m/nofp\libcr_c.a(alloc.o)
                0x0000278c                _Csys_alloc
 .text.atan2    0x000027ac      0x108 d:/ucb/pes/mcuxpressoinstalled/mcuxpressoide_11.2.0_4120/ide/plugins/com.nxp.mcuxpresso.tools.win32_11.2.0.202001021529/tools/bin/../lib/gcc/arm-none-eabi/9.2.1/../../../../arm-none-eabi/lib/thumb/v6-m/nofp\libcr_c.a(atan2.o)
                0x000027ac                atan2
 .text.sprintf  0x000028b4       0x6c d:/ucb/pes/mcuxpressoinstalled/mcuxpressoide_11.2.0_4120/ide/plugins/com.nxp.mcuxpresso.tools.win32_11.2.0.202001021529/tools/bin/../lib/gcc/arm-none-eabi/9.2.1/../../../../arm-none-eabi/lib/thumb/v6-m/nofp\libcr_c.a(fpprintf.o)
                0x000028b4                sprintf
 .text.fp_display
                0x00002920      0x97c d:/ucb/pes/mcuxpressoinstalled/mcuxpressoide_11.2.0_4120/ide/plugins/com.nxp.mcuxpresso.tools.win32_11.2.0.202001021529/tools/bin/../lib/gcc/arm-none-eabi/9.2.1/../../../../arm-none-eabi/lib/thumb/v6-m/nofp\libcr_c.a(fpprintf.o)
 .text.vsnprintf
                0x0000329c       0x70 d:/ucb/pes/mcuxpressoinstalled/mcuxpressoide_11.2.0_4120/ide/plugins/com.nxp.mcuxpresso.tools.win32_11.2.0.202001021529/tools/bin/../lib/gcc/arm-none-eabi/9.2.1/../../../../arm-none-eabi/lib/thumb/v6-m/nofp\libcr_c.a(fpprintf.o)
                0x0000329c                vsnprintf
 .text.printf   0x0000330c       0x50 d:/ucb/pes/mcuxpressoinstalled/mcuxpressoide_11.2.0_4120/ide/plugins/com.nxp.mcuxpresso.tools.win32_11.2.0.202001021529/tools/bin/../lib/gcc/arm-none-eabi/9.2.1/../../../../arm-none-eabi/lib/thumb/v6-m/nofp\libcr_c.a(fpprintf.o)
                0x0000330c                printf
 .text.fseek    0x0000335c       0xf4 d:/ucb/pes/mcuxpressoinstalled/mcuxpressoide_11.2.0_4120/ide/plugins/com.nxp.mcuxpresso.tools.win32_11.2.0.202001021529/tools/bin/../lib/gcc/arm-none-eabi/9.2.1/../../../../arm-none-eabi/lib/thumb/v6-m/nofp\libcr_c.a(fseek.o)
                0x0000335c                fseek
 .text.ftell    0x00003450       0x48 d:/ucb/pes/mcuxpressoinstalled/mcuxpressoide_11.2.0_4120/ide/plugins/com.nxp.mcuxpresso.tools.win32_11.2.0.202001021529/tools/bin/../lib/gcc/arm-none-eabi/9.2.1/../../../../arm-none-eabi/lib/thumb/v6-m/nofp\libcr_c.a(ftell.o)
                0x00003450                ftell
 .text._initio  0x00003498       0x7c d:/ucb/pes/mcuxpressoinstalled/mcuxpressoide_11.2.0_4120/ide/plugins/com.nxp.mcuxpresso.tools.win32_11.2.0.202001021529/tools/bin/../lib/gcc/arm-none-eabi/9.2.1/../../../../arm-none-eabi/lib/thumb/v6-m/nofp\libcr_c.a(initio.o)
                0x00003498                _initio
 .text.modf     0x00003514       0x9c d:/ucb/pes/mcuxpressoinstalled/mcuxpressoide_11.2.0_4120/ide/plugins/com.nxp.mcuxpresso.tools.win32_11.2.0.202001021529/tools/bin/../lib/gcc/arm-none-eabi/9.2.1/../../../../arm-none-eabi/lib/thumb/v6-m/nofp\libcr_c.a(modf.o)
                0x00003514                modf
 .text.pow      0x000035b0      0x548 d:/ucb/pes/mcuxpressoinstalled/mcuxpressoide_11.2.0_4120/ide/plugins/com.nxp.mcuxpresso.tools.win32_11.2.0.202001021529/tools/bin/../lib/gcc/arm-none-eabi/9.2.1/../../../../arm-none-eabi/lib/thumb/v6-m/nofp\libcr_c.a(pow.o)
                0x000035b0                pow
 .text.__vfprintf
                0x00003af8      0xd40 d:/ucb/pes/mcuxpressoinstalled/mcuxpressoide_11.2.0_4120/ide/plugins/com.nxp.mcuxpresso.tools.win32_11.2.0.202001021529/tools/bin/../lib/gcc/arm-none-eabi/9.2.1/../../../../arm-none-eabi/lib/thumb/v6-m/nofp\libcr_c.a(printf.o)
                0x00003af8                __vfprintf
 .text.ch_val   0x00004838       0x30 d:/ucb/pes/mcuxpressoinstalled/mcuxpressoide_11.2.0_4120/ide/plugins/com.nxp.mcuxpresso.tools.win32_11.2.0.202001021529/tools/bin/../lib/gcc/arm-none-eabi/9.2.1/../../../../arm-none-eabi/lib/thumb/v6-m/nofp\libcr_c.a(scanf.o)
 .text._strtoul
                0x00004868       0xd0 d:/ucb/pes/mcuxpressoinstalled/mcuxpressoide_11.2.0_4120/ide/plugins/com.nxp.mcuxpresso.tools.win32_11.2.0.202001021529/tools/bin/../lib/gcc/arm-none-eabi/9.2.1/../../../../arm-none-eabi/lib/thumb/v6-m/nofp\libcr_c.a(scanf.o)
 .text.strtol   0x00004938       0x8c d:/ucb/pes/mcuxpressoinstalled/mcuxpressoide_11.2.0_4120/ide/plugins/com.nxp.mcuxpresso.tools.win32_11.2.0.202001021529/tools/bin/../lib/gcc/arm-none-eabi/9.2.1/../../../../arm-none-eabi/lib/thumb/v6-m/nofp\libcr_c.a(scanf.o)
                0x00004938                strtol
 .text.setvbuf  0x000049c4       0x4c d:/ucb/pes/mcuxpressoinstalled/mcuxpressoide_11.2.0_4120/ide/plugins/com.nxp.mcuxpresso.tools.win32_11.2.0.202001021529/tools/bin/../lib/gcc/arm-none-eabi/9.2.1/../../../../arm-none-eabi/lib/thumb/v6-m/nofp\libcr_c.a(setvbuf.o)
                0x000049c4                setvbuf
 .text.sqrt     0x00004a10      0x130 d:/ucb/pes/mcuxpressoinstalled/mcuxpressoide_11.2.0_4120/ide/plugins/com.nxp.mcuxpresso.tools.win32_11.2.0.202001021529/tools/bin/../lib/gcc/arm-none-eabi/9.2.1/../../../../arm-none-eabi/lib/thumb/v6-m/nofp\libcr_c.a(sqrt.o)
                0x00004a10                sqrt
 .text.strlen   0x00004b40       0x58 d:/ucb/pes/mcuxpressoinstalled/mcuxpressoide_11.2.0_4120/ide/plugins/com.nxp.mcuxpresso.tools.win32_11.2.0.202001021529/tools/bin/../lib/gcc/arm-none-eabi/9.2.1/../../../../arm-none-eabi/lib/thumb/v6-m/nofp\libcr_c.a(strlen.o)
                0x00004b40                strlen
 .text._asinacos
                0x00004b98      0x270 d:/ucb/pes/mcuxpressoinstalled/mcuxpressoide_11.2.0_4120/ide/plugins/com.nxp.mcuxpresso.tools.win32_11.2.0.202001021529/tools/bin/../lib/gcc/arm-none-eabi/9.2.1/../../../../arm-none-eabi/lib/thumb/v6-m/nofp\libcr_c.a(_asinacos.o)
                0x00004b98                _asinacos
 .text._sbrk    0x00004e08       0x44 d:/ucb/pes/mcuxpressoinstalled/mcuxpressoide_11.2.0_4120/ide/plugins/com.nxp.mcuxpresso.tools.win32_11.2.0.202001021529/tools/bin/../lib/gcc/arm-none-eabi/9.2.1/../../../../arm-none-eabi/lib/thumb/v6-m/nofp\libcr_c.a(_cr_sbrk.o)
                0x00004e08                _sbrk
 .text._fdopen  0x00004e4c       0x74 d:/ucb/pes/mcuxpressoinstalled/mcuxpressoide_11.2.0_4120/ide/plugins/com.nxp.mcuxpresso.tools.win32_11.2.0.202001021529/tools/bin/../lib/gcc/arm-none-eabi/9.2.1/../../../../arm-none-eabi/lib/thumb/v6-m/nofp\libcr_c.a(_fdopen.o)
                0x00004e4c                _fdopen
 .text._frexpl  0x00004ec0       0x80 d:/ucb/pes/mcuxpressoinstalled/mcuxpressoide_11.2.0_4120/ide/plugins/com.nxp.mcuxpresso.tools.win32_11.2.0.202001021529/tools/bin/../lib/gcc/arm-none-eabi/9.2.1/../../../../arm-none-eabi/lib/thumb/v6-m/nofp\libcr_c.a(_frexpl.o)
                0x00004ec0                _frexpl
 .text._ldexpl  0x00004f40       0x58 d:/ucb/pes/mcuxpressoinstalled/mcuxpressoide_11.2.0_4120/ide/plugins/com.nxp.mcuxpresso.tools.win32_11.2.0.202001021529/tools/bin/../lib/gcc/arm-none-eabi/9.2.1/../../../../arm-none-eabi/lib/thumb/v6-m/nofp\libcr_c.a(_ldexpl.o)
                0x00004f40                _ldexpl
 .text.atan     0x00004f98      0x204 d:/ucb/pes/mcuxpressoinstalled/mcuxpressoide_11.2.0_4120/ide/plugins/com.nxp.mcuxpresso.tools.win32_11.2.0.202001021529/tools/bin/../lib/gcc/arm-none-eabi/9.2.1/../../../../arm-none-eabi/lib/thumb/v6-m/nofp\libcr_c.a(atan.o)
                0x00004f98                atan
 .text.fclose   0x0000519c       0x5c d:/ucb/pes/mcuxpressoinstalled/mcuxpressoide_11.2.0_4120/ide/plugins/com.nxp.mcuxpresso.tools.win32_11.2.0.202001021529/tools/bin/../lib/gcc/arm-none-eabi/9.2.1/../../../../arm-none-eabi/lib/thumb/v6-m/nofp\libcr_c.a(fclose.o)
                0x0000519c                fclose
 .text.fflush   0x000051f8       0x44 d:/ucb/pes/mcuxpressoinstalled/mcuxpressoide_11.2.0_4120/ide/plugins/com.nxp.mcuxpresso.tools.win32_11.2.0.202001021529/tools/bin/../lib/gcc/arm-none-eabi/9.2.1/../../../../arm-none-eabi/lib/thumb/v6-m/nofp\libcr_c.a(fflush.o)
                0x000051f8                fflush
 .text.frexp    0x0000523c       0x80 d:/ucb/pes/mcuxpressoinstalled/mcuxpressoide_11.2.0_4120/ide/plugins/com.nxp.mcuxpresso.tools.win32_11.2.0.202001021529/tools/bin/../lib/gcc/arm-none-eabi/9.2.1/../../../../arm-none-eabi/lib/thumb/v6-m/nofp\libcr_c.a(frexp.o)
                0x0000523c                frexp
 .text.ldexp    0x000052bc       0x58 d:/ucb/pes/mcuxpressoinstalled/mcuxpressoide_11.2.0_4120/ide/plugins/com.nxp.mcuxpresso.tools.win32_11.2.0.202001021529/tools/bin/../lib/gcc/arm-none-eabi/9.2.1/../../../../arm-none-eabi/lib/thumb/v6-m/nofp\libcr_c.a(ldexp.o)
                0x000052bc                ldexp
 .text.__check_heap_overflow
                0x00005314       0x14 d:/ucb/pes/mcuxpressoinstalled/mcuxpressoide_11.2.0_4120/ide/plugins/com.nxp.mcuxpresso.tools.win32_11.2.0.202001021529/tools/bin/../lib/gcc/arm-none-eabi/9.2.1/../../../../arm-none-eabi/lib/thumb/v6-m/nofp\libcr_c.a(_cr_check_heap.o)
                0x00005314                __check_heap_overflow
 .text._do_fflush
                0x00005328       0x48 d:/ucb/pes/mcuxpressoinstalled/mcuxpressoide_11.2.0_4120/ide/plugins/com.nxp.mcuxpresso.tools.win32_11.2.0.202001021529/tools/bin/../lib/gcc/arm-none-eabi/9.2.1/../../../../arm-none-eabi/lib/thumb/v6-m/nofp\libcr_c.a(_do_fflush.o)
                0x00005328                _do_fflush
 .text.__aeabi_dmul
                0x00005370      0x184 d:/ucb/pes/mcuxpressoinstalled/mcuxpressoide_11.2.0_4120/ide/plugins/com.nxp.mcuxpresso.tools.win32_11.2.0.202001021529/tools/bin/../lib/gcc/arm-none-eabi/9.2.1/thumb/v6-m/nofp\libcr_eabihelpers.a(double.o)
                0x00005370                __aeabi_dmul
 .text.__aeabi_ddiv
                0x000054f4      0x150 d:/ucb/pes/mcuxpressoinstalled/mcuxpressoide_11.2.0_4120/ide/plugins/com.nxp.mcuxpresso.tools.win32_11.2.0.202001021529/tools/bin/../lib/gcc/arm-none-eabi/9.2.1/thumb/v6-m/nofp\libcr_eabihelpers.a(double.o)
                0x000054f4                __aeabi_ddiv
 .text.__aeabi_dsub
                0x00005644      0x1e4 d:/ucb/pes/mcuxpressoinstalled/mcuxpressoide_11.2.0_4120/ide/plugins/com.nxp.mcuxpresso.tools.win32_11.2.0.202001021529/tools/bin/../lib/gcc/arm-none-eabi/9.2.1/thumb/v6-m/nofp\libcr_eabihelpers.a(double.o)
                0x00005644                __aeabi_dsub
 .text.__aeabi_dadd
                0x00005828      0x134 d:/ucb/pes/mcuxpressoinstalled/mcuxpressoide_11.2.0_4120/ide/plugins/com.nxp.mcuxpresso.tools.win32_11.2.0.202001021529/tools/bin/../lib/gcc/arm-none-eabi/9.2.1/thumb/v6-m/nofp\libcr_eabihelpers.a(double.o)
                0x00005828                __aeabi_dadd
 .text.__aeabi_d2f
                0x0000595c       0x60 d:/ucb/pes/mcuxpressoinstalled/mcuxpressoide_11.2.0_4120/ide/plugins/com.nxp.mcuxpresso.tools.win32_11.2.0.202001021529/tools/bin/../lib/gcc/arm-none-eabi/9.2.1/thumb/v6-m/nofp\libcr_eabihelpers.a(double.o)
                0x0000595c                __aeabi_d2f
 .text.__aeabi_d2iz
                0x000059bc       0x50 d:/ucb/pes/mcuxpressoinstalled/mcuxpressoide_11.2.0_4120/ide/plugins/com.nxp.mcuxpresso.tools.win32_11.2.0.202001021529/tools/bin/../lib/gcc/arm-none-eabi/9.2.1/thumb/v6-m/nofp\libcr_eabihelpers.a(double.o)
                0x000059bc                __aeabi_d2iz
 .text.__aeabi_d2uiz
                0x00005a0c       0x38 d:/ucb/pes/mcuxpressoinstalled/mcuxpressoide_11.2.0_4120/ide/plugins/com.nxp.mcuxpresso.tools.win32_11.2.0.202001021529/tools/bin/../lib/gcc/arm-none-eabi/9.2.1/thumb/v6-m/nofp\libcr_eabihelpers.a(double.o)
                0x00005a0c                __aeabi_d2uiz
 .text.__aeabi_d2lz
                0x00005a44       0x80 d:/ucb/pes/mcuxpressoinstalled/mcuxpressoide_11.2.0_4120/ide/plugins/com.nxp.mcuxpresso.tools.win32_11.2.0.202001021529/tools/bin/../lib/gcc/arm-none-eabi/9.2.1/thumb/v6-m/nofp\libcr_eabihelpers.a(double.o)
                0x00005a44                __aeabi_d2lz
 .text.__bhs_ul2d
                0x00005ac4       0xac d:/ucb/pes/mcuxpressoinstalled/mcuxpressoide_11.2.0_4120/ide/plugins/com.nxp.mcuxpresso.tools.win32_11.2.0.202001021529/tools/bin/../lib/gcc/arm-none-eabi/9.2.1/thumb/v6-m/nofp\libcr_eabihelpers.a(double.o)
                0x00005ac4                __bhs_ul2d
 .text.__aeabi_dcmpeq
                0x00005b70       0x30 d:/ucb/pes/mcuxpressoinstalled/mcuxpressoide_11.2.0_4120/ide/plugins/com.nxp.mcuxpresso.tools.win32_11.2.0.202001021529/tools/bin/../lib/gcc/arm-none-eabi/9.2.1/thumb/v6-m/nofp\libcr_eabihelpers.a(double.o)
                0x00005b70                __aeabi_dcmpeq
 .text.__aeabi_dcmplt
                0x00005ba0       0x60 d:/ucb/pes/mcuxpressoinstalled/mcuxpressoide_11.2.0_4120/ide/plugins/com.nxp.mcuxpresso.tools.win32_11.2.0.202001021529/tools/bin/../lib/gcc/arm-none-eabi/9.2.1/thumb/v6-m/nofp\libcr_eabihelpers.a(double.o)
                0x00005ba0                __aeabi_dcmplt
 .text.__aeabi_dcmpgt
                0x00005c00       0x5c d:/ucb/pes/mcuxpressoinstalled/mcuxpressoide_11.2.0_4120/ide/plugins/com.nxp.mcuxpresso.tools.win32_11.2.0.202001021529/tools/bin/../lib/gcc/arm-none-eabi/9.2.1/thumb/v6-m/nofp\libcr_eabihelpers.a(double.o)
                0x00005c00                __aeabi_dcmpgt
 .text.__aeabi_dcmple
                0x00005c5c       0x60 d:/ucb/pes/mcuxpressoinstalled/mcuxpressoide_11.2.0_4120/ide/plugins/com.nxp.mcuxpresso.tools.win32_11.2.0.202001021529/tools/bin/../lib/gcc/arm-none-eabi/9.2.1/thumb/v6-m/nofp\libcr_eabihelpers.a(double.o)
                0x00005c5c                __aeabi_dcmple
 .text.__aeabi_dcmpge
                0x00005cbc       0x64 d:/ucb/pes/mcuxpressoinstalled/mcuxpressoide_11.2.0_4120/ide/plugins/com.nxp.mcuxpresso.tools.win32_11.2.0.202001021529/tools/bin/../lib/gcc/arm-none-eabi/9.2.1/thumb/v6-m/nofp\libcr_eabihelpers.a(double.o)
                0x00005cbc                __aeabi_dcmpge
 .text.__aeabi_fmul
                0x00005d20       0xc0 d:/ucb/pes/mcuxpressoinstalled/mcuxpressoide_11.2.0_4120/ide/plugins/com.nxp.mcuxpresso.tools.win32_11.2.0.202001021529/tools/bin/../lib/gcc/arm-none-eabi/9.2.1/thumb/v6-m/nofp\libcr_eabihelpers.a(float.o)
                0x00005d20                __aeabi_fmul
 .text.__aeabi_fdiv
                0x00005de0       0xe4 d:/ucb/pes/mcuxpressoinstalled/mcuxpressoide_11.2.0_4120/ide/plugins/com.nxp.mcuxpresso.tools.win32_11.2.0.202001021529/tools/bin/../lib/gcc/arm-none-eabi/9.2.1/thumb/v6-m/nofp\libcr_eabihelpers.a(float.o)
                0x00005de0                __aeabi_fdiv
 .text.__aeabi_fsub
                0x00005ec4      0x124 d:/ucb/pes/mcuxpressoinstalled/mcuxpressoide_11.2.0_4120/ide/plugins/com.nxp.mcuxpresso.tools.win32_11.2.0.202001021529/tools/bin/../lib/gcc/arm-none-eabi/9.2.1/thumb/v6-m/nofp\libcr_eabihelpers.a(float.o)
                0x00005ec4                __aeabi_fsub
 .text.__aeabi_fadd
                0x00005fe8       0xac d:/ucb/pes/mcuxpressoinstalled/mcuxpressoide_11.2.0_4120/ide/plugins/com.nxp.mcuxpresso.tools.win32_11.2.0.202001021529/tools/bin/../lib/gcc/arm-none-eabi/9.2.1/thumb/v6-m/nofp\libcr_eabihelpers.a(float.o)
                0x00005fe8                __aeabi_fadd
 .text.__aeabi_f2iz
                0x00006094       0x3c d:/ucb/pes/mcuxpressoinstalled/mcuxpressoide_11.2.0_4120/ide/plugins/com.nxp.mcuxpresso.tools.win32_11.2.0.202001021529/tools/bin/../lib/gcc/arm-none-eabi/9.2.1/thumb/v6-m/nofp\libcr_eabihelpers.a(float.o)
                0x00006094                __aeabi_f2iz
 .text.__aeabi_f2d
                0x000060d0       0x40 d:/ucb/pes/mcuxpressoinstalled/mcuxpressoide_11.2.0_4120/ide/plugins/com.nxp.mcuxpresso.tools.win32_11.2.0.202001021529/tools/bin/../lib/gcc/arm-none-eabi/9.2.1/thumb/v6-m/nofp\libcr_eabihelpers.a(float.o)
                0x000060d0                __aeabi_f2d
 .text.DbgConsole_PrintfPaddingCharacter
                0x00006110       0x48 ./utilities/fsl_debug_console.o
 .text.DbgConsole_ConvertRadixNumToString
                0x00006158      0x114 ./utilities/fsl_debug_console.o
 .text.DbgConsole_PrintfFormattedData
                0x0000626c      0x378 ./utilities/fsl_debug_console.o
 .text.initCirBuf
                0x000065e4       0x6e ./source/cbfifo.o
                0x000065e4                initCirBuf
 .text.updateWritePtr
                0x00006652       0x48 ./source/cbfifo.o
                0x00006652                updateWritePtr
 .text.updateReadPtr
                0x0000669a       0x48 ./source/cbfifo.o
                0x0000669a                updateReadPtr
 .text.cbfifo_enqueue
                0x000066e2       0xc8 ./source/cbfifo.o
                0x000066e2                cbfifo_enqueue
 .text.cbfifo_dequeue
                0x000067aa       0xb6 ./source/cbfifo.o
                0x000067aa                cbfifo_dequeue
 .text.cbfifo_length
                0x00006860       0x20 ./source/cbfifo.o
                0x00006860                cbfifo_length
 .text.cbfifo_capacity
                0x00006880       0x3a ./source/cbfifo.o
                0x00006880                cbfifo_capacity
 .text.handleInitPeripheralsState
                0x000068ba       0x2c ./source/finiteStateMachine.o
 .text.turnOnWhiteLed
                0x000068e6       0x16 ./source/led.o
                0x000068e6                turnOnWhiteLed
 .text.turnOffWhiteLed
                0x000068fc       0x16 ./source/led.o
                0x000068fc                turnOffWhiteLed
 .text.testRgbLed
                0x00006912       0x7a ./source/led.o
                0x00006912                testRgbLed
 .text.init_mma
                0x0000698c       0x16 ./source/mma8451.o
                0x0000698c                init_mma
 .text.self_test_enable
                0x000069a2       0x7e ./source/mma8451.o
                0x000069a2                self_test_enable
 .text.test_cbfifo
                0x00006a20       0x38 ./source/test_cbfifo.o
                0x00006a20                test_cbfifo
 .text.initUart
                0x00006a58       0x14 ./source/uart.o
                0x00006a58                initUart
 .text.__main   0x00006a6c        0xc d:/ucb/pes/mcuxpressoinstalled/mcuxpressoide_11.2.0_4120/ide/plugins/com.nxp.mcuxpresso.tools.win32_11.2.0.202001021529/tools/bin/../lib/gcc/arm-none-eabi/9.2.1/../../../../arm-none-eabi/lib/thumb/v6-m/nofp\libcr_nohost_nf.a(_cr__main.o)
                0x00006a6c                __main
 .text.memset   0x00006a78        0x8 d:/ucb/pes/mcuxpressoinstalled/mcuxpressoide_11.2.0_4120/ide/plugins/com.nxp.mcuxpresso.tools.win32_11.2.0.202001021529/tools/bin/../lib/gcc/arm-none-eabi/9.2.1/../../../../arm-none-eabi/lib/thumb/v6-m/nofp\libcr_c.a(memset.o)
                0x00006a78                memset
 .text._Csys_read_
                0x00006a80       0x24 d:/ucb/pes/mcuxpressoinstalled/mcuxpressoide_11.2.0_4120/ide/plugins/com.nxp.mcuxpresso.tools.win32_11.2.0.202001021529/tools/bin/../lib/gcc/arm-none-eabi/9.2.1/../../../../arm-none-eabi/lib/thumb/v6-m/nofp\libcr_c.a(__fillbuf.o)
                0x00006a80                _Csys_read_
 .text.acos     0x00006aa4        0xa d:/ucb/pes/mcuxpressoinstalled/mcuxpressoide_11.2.0_4120/ide/plugins/com.nxp.mcuxpresso.tools.win32_11.2.0.202001021529/tools/bin/../lib/gcc/arm-none-eabi/9.2.1/../../../../arm-none-eabi/lib/thumb/v6-m/nofp\libcr_c.a(acos.o)
                0x00006aa4                acos
 .text.free     0x00006aae       0x2c d:/ucb/pes/mcuxpressoinstalled/mcuxpressoide_11.2.0_4120/ide/plugins/com.nxp.mcuxpresso.tools.win32_11.2.0.202001021529/tools/bin/../lib/gcc/arm-none-eabi/9.2.1/../../../../arm-none-eabi/lib/thumb/v6-m/nofp\libcr_c.a(alloc.o)
                0x00006aae                free
 .text.fabs     0x00006ada       0x22 d:/ucb/pes/mcuxpressoinstalled/mcuxpressoide_11.2.0_4120/ide/plugins/com.nxp.mcuxpresso.tools.win32_11.2.0.202001021529/tools/bin/../lib/gcc/arm-none-eabi/9.2.1/../../../../arm-none-eabi/lib/thumb/v6-m/nofp\libcr_c.a(fabs.o)
                0x00006ada                fabs
 .text.fp_round
                0x00006afc       0x4a d:/ucb/pes/mcuxpressoinstalled/mcuxpressoide_11.2.0_4120/ide/plugins/com.nxp.mcuxpresso.tools.win32_11.2.0.202001021529/tools/bin/../lib/gcc/arm-none-eabi/9.2.1/../../../../arm-none-eabi/lib/thumb/v6-m/nofp\libcr_c.a(fpprintf.o)
 .text.pr_dec.constprop.0
                0x00006b46       0x30 d:/ucb/pes/mcuxpressoinstalled/mcuxpressoide_11.2.0_4120/ide/plugins/com.nxp.mcuxpresso.tools.win32_11.2.0.202001021529/tools/bin/../lib/gcc/arm-none-eabi/9.2.1/../../../../arm-none-eabi/lib/thumb/v6-m/nofp\libcr_c.a(fpprintf.o)
 .text.remove   0x00006b76       0x12 d:/ucb/pes/mcuxpressoinstalled/mcuxpressoide_11.2.0_4120/ide/plugins/com.nxp.mcuxpresso.tools.win32_11.2.0.202001021529/tools/bin/../lib/gcc/arm-none-eabi/9.2.1/../../../../arm-none-eabi/lib/thumb/v6-m/nofp\libcr_c.a(remove.o)
                0x00006b76                remove
 .text.__aeabi_division_idivmod
                0x00006b88       0x78 d:/ucb/pes/mcuxpressoinstalled/mcuxpressoide_11.2.0_4120/ide/plugins/com.nxp.mcuxpresso.tools.win32_11.2.0.202001021529/tools/bin/../lib/gcc/arm-none-eabi/9.2.1/thumb/v6-m/nofp\libcr_eabihelpers.a(division_32.o)
                0x00006b88                __aeabi_idivmod
                0x00006b88                __aeabi_idiv
                0x00006b8e                __aeabi_uidivmod
                0x00006b8e                __aeabi_uidiv
 .text.__aeabi_division_idiv0
                0x00006c00        0x2 d:/ucb/pes/mcuxpressoinstalled/mcuxpressoide_11.2.0_4120/ide/plugins/com.nxp.mcuxpresso.tools.win32_11.2.0.202001021529/tools/bin/../lib/gcc/arm-none-eabi/9.2.1/thumb/v6-m/nofp\libcr_eabihelpers.a(division_idiv0.o)
                0x00006c00                __aeabi_idiv0
 .text.__bhs_ui2d
                0x00006c02       0x5e d:/ucb/pes/mcuxpressoinstalled/mcuxpressoide_11.2.0_4120/ide/plugins/com.nxp.mcuxpresso.tools.win32_11.2.0.202001021529/tools/bin/../lib/gcc/arm-none-eabi/9.2.1/thumb/v6-m/nofp\libcr_eabihelpers.a(double.o)
                0x00006c02                __bhs_ui2d
 .text.__aeabi_i2d
                0x00006c60       0x18 d:/ucb/pes/mcuxpressoinstalled/mcuxpressoide_11.2.0_4120/ide/plugins/com.nxp.mcuxpresso.tools.win32_11.2.0.202001021529/tools/bin/../lib/gcc/arm-none-eabi/9.2.1/thumb/v6-m/nofp\libcr_eabihelpers.a(double.o)
                0x00006c60                __aeabi_i2d
 .text.__aeabi_ui2d
                0x00006c78        0xc d:/ucb/pes/mcuxpressoinstalled/mcuxpressoide_11.2.0_4120/ide/plugins/com.nxp.mcuxpresso.tools.win32_11.2.0.202001021529/tools/bin/../lib/gcc/arm-none-eabi/9.2.1/thumb/v6-m/nofp\libcr_eabihelpers.a(double.o)
                0x00006c78                __aeabi_ui2d
 .text.__aeabi_l2d
                0x00006c84       0x24 d:/ucb/pes/mcuxpressoinstalled/mcuxpressoide_11.2.0_4120/ide/plugins/com.nxp.mcuxpresso.tools.win32_11.2.0.202001021529/tools/bin/../lib/gcc/arm-none-eabi/9.2.1/thumb/v6-m/nofp\libcr_eabihelpers.a(double.o)
                0x00006c84                __aeabi_l2d
 .text.__aeabi_llong_lmul
                0x00006ca8       0x2e d:/ucb/pes/mcuxpressoinstalled/mcuxpressoide_11.2.0_4120/ide/plugins/com.nxp.mcuxpresso.tools.win32_11.2.0.202001021529/tools/bin/../lib/gcc/arm-none-eabi/9.2.1/thumb/v6-m/nofp\libcr_eabihelpers.a(llong.o)
                0x00006ca8                __aeabi_lmul
 .text.__aeabi_memset_lowlevel
                0x00006cd6       0x2a d:/ucb/pes/mcuxpressoinstalled/mcuxpressoide_11.2.0_4120/ide/plugins/com.nxp.mcuxpresso.tools.win32_11.2.0.202001021529/tools/bin/../lib/gcc/arm-none-eabi/9.2.1/thumb/v6-m/nofp\libcr_eabihelpers.a(memcpy.o)
                0x00006cd6                __aeabi_lowlevel_memset
 .text.__gnu_thumb1_case_shi
                0x00006d00       0x10 d:/ucb/pes/mcuxpressoinstalled/mcuxpressoide_11.2.0_4120/ide/plugins/com.nxp.mcuxpresso.tools.win32_11.2.0.202001021529/tools/bin/../lib/gcc/arm-none-eabi/9.2.1/thumb/v6-m/nofp\libcr_eabihelpers.a(thumb1_switch_helpers.o)
                0x00006d00                __gnu_thumb1_case_shi
 .text.__sys_appexit
                0x00006d10        0x2 d:/ucb/pes/mcuxpressoinstalled/mcuxpressoide_11.2.0_4120/ide/plugins/com.nxp.mcuxpresso.tools.win32_11.2.0.202001021529/tools/bin/../lib/gcc/arm-none-eabi/9.2.1/../../../../arm-none-eabi/lib/thumb/v6-m/nofp\libcr_nohost_nf.a(__sys_appexit.o)
                0x00006d10                __sys_appexit
                0x00006d10                __exit
 .text.__sys_close
                0x00006d12        0x6 d:/ucb/pes/mcuxpressoinstalled/mcuxpressoide_11.2.0_4120/ide/plugins/com.nxp.mcuxpresso.tools.win32_11.2.0.202001021529/tools/bin/../lib/gcc/arm-none-eabi/9.2.1/../../../../arm-none-eabi/lib/thumb/v6-m/nofp\libcr_nohost_nf.a(__sys_close.o)
                0x00006d12                __sys_close
 .text.__sys_flen
                0x00006d18        0x6 d:/ucb/pes/mcuxpressoinstalled/mcuxpressoide_11.2.0_4120/ide/plugins/com.nxp.mcuxpresso.tools.win32_11.2.0.202001021529/tools/bin/../lib/gcc/arm-none-eabi/9.2.1/../../../../arm-none-eabi/lib/thumb/v6-m/nofp\libcr_nohost_nf.a(__sys_flen.o)
                0x00006d18                __sys_flen
 .text.__sys_istty
                0x00006d1e        0x6 d:/ucb/pes/mcuxpressoinstalled/mcuxpressoide_11.2.0_4120/ide/plugins/com.nxp.mcuxpresso.tools.win32_11.2.0.202001021529/tools/bin/../lib/gcc/arm-none-eabi/9.2.1/../../../../arm-none-eabi/lib/thumb/v6-m/nofp\libcr_nohost_nf.a(__sys_istty.o)
                0x00006d1e                __sys_istty
 .text.__sys_read
                0x00006d24        0x4 d:/ucb/pes/mcuxpressoinstalled/mcuxpressoide_11.2.0_4120/ide/plugins/com.nxp.mcuxpresso.tools.win32_11.2.0.202001021529/tools/bin/../lib/gcc/arm-none-eabi/9.2.1/../../../../arm-none-eabi/lib/thumb/v6-m/nofp\libcr_nohost_nf.a(__sys_read.o)
                0x00006d24                __sys_read
 .text.__sys_remove
                0x00006d28        0x6 d:/ucb/pes/mcuxpressoinstalled/mcuxpressoide_11.2.0_4120/ide/plugins/com.nxp.mcuxpresso.tools.win32_11.2.0.202001021529/tools/bin/../lib/gcc/arm-none-eabi/9.2.1/../../../../arm-none-eabi/lib/thumb/v6-m/nofp\libcr_nohost_nf.a(__sys_remove.o)
                0x00006d28                __sys_remove
 .text.__sys_seek
                0x00006d2e        0x6 d:/ucb/pes/mcuxpressoinstalled/mcuxpressoide_11.2.0_4120/ide/plugins/com.nxp.mcuxpresso.tools.win32_11.2.0.202001021529/tools/bin/../lib/gcc/arm-none-eabi/9.2.1/../../../../arm-none-eabi/lib/thumb/v6-m/nofp\libcr_nohost_nf.a(__sys_seek.o)
                0x00006d2e                __sys_seek
 .text.__sys_tmpnam
                0x00006d34        0x6 d:/ucb/pes/mcuxpressoinstalled/mcuxpressoide_11.2.0_4120/ide/plugins/com.nxp.mcuxpresso.tools.win32_11.2.0.202001021529/tools/bin/../lib/gcc/arm-none-eabi/9.2.1/../../../../arm-none-eabi/lib/thumb/v6-m/nofp\libcr_nohost_nf.a(__sys_tmpnam.o)
                0x00006d34                __sys_tmpnam
 *(SORT_BY_ALIGNMENT(.rodata) SORT_BY_ALIGNMENT(.rodata.*) SORT_BY_ALIGNMENT(.constdata) SORT_BY_ALIGNMENT(.constdata.*))
 *fill*         0x00006d3a        0x6 ff
 .rodata.a1.3959
                0x00006d40       0x88 d:/ucb/pes/mcuxpressoinstalled/mcuxpressoide_11.2.0_4120/ide/plugins/com.nxp.mcuxpresso.tools.win32_11.2.0.202001021529/tools/bin/../lib/gcc/arm-none-eabi/9.2.1/../../../../arm-none-eabi/lib/thumb/v6-m/nofp\libcr_c.a(pow.o)
 .rodata.a2.3960
                0x00006dc8       0x40 d:/ucb/pes/mcuxpressoinstalled/mcuxpressoide_11.2.0_4120/ide/plugins/com.nxp.mcuxpresso.tools.win32_11.2.0.202001021529/tools/bin/../lib/gcc/arm-none-eabi/9.2.1/../../../../arm-none-eabi/lib/thumb/v6-m/nofp\libcr_c.a(pow.o)
 .rodata.a.3952
                0x00006e08       0x10 d:/ucb/pes/mcuxpressoinstalled/mcuxpressoide_11.2.0_4120/ide/plugins/com.nxp.mcuxpresso.tools.win32_11.2.0.202001021529/tools/bin/../lib/gcc/arm-none-eabi/9.2.1/../../../../arm-none-eabi/lib/thumb/v6-m/nofp\libcr_c.a(_asinacos.o)
 .rodata.b.3953
                0x00006e18       0x10 d:/ucb/pes/mcuxpressoinstalled/mcuxpressoide_11.2.0_4120/ide/plugins/com.nxp.mcuxpresso.tools.win32_11.2.0.202001021529/tools/bin/../lib/gcc/arm-none-eabi/9.2.1/../../../../arm-none-eabi/lib/thumb/v6-m/nofp\libcr_c.a(_asinacos.o)
 .rodata.a.3949
                0x00006e28       0x20 d:/ucb/pes/mcuxpressoinstalled/mcuxpressoide_11.2.0_4120/ide/plugins/com.nxp.mcuxpresso.tools.win32_11.2.0.202001021529/tools/bin/../lib/gcc/arm-none-eabi/9.2.1/../../../../arm-none-eabi/lib/thumb/v6-m/nofp\libcr_c.a(atan.o)
 .rodata.accumulateLine.str1.4
                0x00006e48        0xa ./source/finiteStateMachine.o
                                  0xf (size before relaxing)
 *fill*         0x00006e52        0x2 ff
 .rodata.handleUserInputState.str1.4
                0x00006e54       0x61 ./source/finiteStateMachine.o
 *fill*         0x00006eb5        0x3 ff
 .rodata.handleCalibrateZeroDegreesState.str1.4
                0x00006eb8       0xb9 ./source/finiteStateMachine.o
 *fill*         0x00006f71        0x3 ff
 .rodata.handleComputeTiltAngleState.str1.4
                0x00006f74       0x94 ./source/finiteStateMachine.o
 .rodata.handleIlluminateLedState.str1.4
                0x00007008       0x1b ./source/finiteStateMachine.o
 *fill*         0x00007023        0x1 ff
 .rodata.fsmLoop
                0x00007024       0x14 ./source/finiteStateMachine.o
 .rodata.self_test.str1.4
                0x00007038       0x78 ./source/mma8451.o
 .rodata.test_cbfifo_1.str1.4
                0x000070b0      0x37f ./source/test_cbfifo.o
 *fill*         0x0000742f        0x1 ff
 .rodata.test_cbfifo_2.str1.4
                0x00007430      0x32c ./source/test_cbfifo.o
 .rodata.main.str1.4
                0x0000775c       0x5d ./source/tilt_angle_Acc_MKL25Z128xxx4_Project.o
 *fill*         0x000077b9        0x3 ff
 .rodata.__assertion_failed.str1.4
                0x000077bc        0x4 ./drivers/fsl_common.o
 .rodata.__num_Ciob_streams
                0x000077c0        0x4 d:/ucb/pes/mcuxpressoinstalled/mcuxpressoide_11.2.0_4120/ide/plugins/com.nxp.mcuxpresso.tools.win32_11.2.0.202001021529/tools/bin/../lib/gcc/arm-none-eabi/9.2.1/../../../../arm-none-eabi/lib/thumb/v6-m/nofp\libcr_nohost_nf.a(__ciob.o)
                0x000077c0                __num_Ciob_streams
 .rodata._Csys_alloc.str1.1
                0x000077c4       0x18 d:/ucb/pes/mcuxpressoinstalled/mcuxpressoide_11.2.0_4120/ide/plugins/com.nxp.mcuxpresso.tools.win32_11.2.0.202001021529/tools/bin/../lib/gcc/arm-none-eabi/9.2.1/../../../../arm-none-eabi/lib/thumb/v6-m/nofp\libcr_c.a(alloc.o)
 .rodata.fp_display.str1.1
                0x000077dc       0x34 d:/ucb/pes/mcuxpressoinstalled/mcuxpressoide_11.2.0_4120/ide/plugins/com.nxp.mcuxpresso.tools.win32_11.2.0.202001021529/tools/bin/../lib/gcc/arm-none-eabi/9.2.1/../../../../arm-none-eabi/lib/thumb/v6-m/nofp\libcr_c.a(fpprintf.o)
                                 0x35 (size before relaxing)
 .rodata._initio.str1.1
                0x00007810        0x4 d:/ucb/pes/mcuxpressoinstalled/mcuxpressoide_11.2.0_4120/ide/plugins/com.nxp.mcuxpresso.tools.win32_11.2.0.202001021529/tools/bin/../lib/gcc/arm-none-eabi/9.2.1/../../../../arm-none-eabi/lib/thumb/v6-m/nofp\libcr_c.a(initio.o)
 .rodata.__vfprintf.str1.1
                0x00007814       0x31 d:/ucb/pes/mcuxpressoinstalled/mcuxpressoide_11.2.0_4120/ide/plugins/com.nxp.mcuxpresso.tools.win32_11.2.0.202001021529/tools/bin/../lib/gcc/arm-none-eabi/9.2.1/../../../../arm-none-eabi/lib/thumb/v6-m/nofp\libcr_c.a(printf.o)
                                 0x38 (size before relaxing)
 .rodata.__ctype
                0x00007845      0x180 d:/ucb/pes/mcuxpressoinstalled/mcuxpressoide_11.2.0_4120/ide/plugins/com.nxp.mcuxpresso.tools.win32_11.2.0.202001021529/tools/bin/../lib/gcc/arm-none-eabi/9.2.1/../../../../arm-none-eabi/lib/thumb/v6-m/nofp\libcr_c.a(ctype.o)
                0x00007845                __ctype
                0x000079c8                . = ALIGN (0x4)
 *fill*         0x000079c5        0x3 ff

.glue_7         0x000079c8        0x0
 .glue_7        0x000079c8        0x0 linker stubs

.glue_7t        0x000079c8        0x0
 .glue_7t       0x000079c8        0x0 linker stubs

.vfp11_veneer   0x000079c8        0x0
 .vfp11_veneer  0x000079c8        0x0 linker stubs

.v4_bx          0x000079c8        0x0
 .v4_bx         0x000079c8        0x0 linker stubs

.iplt           0x000079c8        0x0
 .iplt          0x000079c8        0x0 ./utilities/fsl_debug_console.o

.rel.dyn        0x000079c8        0x0
 .rel.iplt      0x000079c8        0x0 ./utilities/fsl_debug_console.o

.ARM.extab
 *(SORT_BY_ALIGNMENT(.ARM.extab*) SORT_BY_ALIGNMENT(.gnu.linkonce.armextab.*))

.ARM.exidx      0x000079c8        0x0
                0x000079c8                __exidx_start = .
 *(SORT_BY_ALIGNMENT(.ARM.exidx*) SORT_BY_ALIGNMENT(.gnu.linkonce.armexidx.*))
                0x000079c8                __exidx_end = .
                0x000079c8                _etext = .

.m_usb_data
 *(SORT_BY_ALIGNMENT(m_usb_bdt))

.mtb_buffer_default
                0x1ffff000       0x80
 *(SORT_BY_ALIGNMENT(.mtb*))
 .mtb.$RAM1     0x1ffff000       0x80 ./source/mtb.o
                0x1ffff000                __mtb_buffer__

.uninit_RESERVED
                0x1ffff080        0x0
                0x1ffff080                _start_uninit_RESERVED = .
 *(SORT_BY_ALIGNMENT(.bss.$RESERVED*))
                0x1ffff080                . = ALIGN (0x4)
                0x1ffff080                _end_uninit_RESERVED = .

.data           0x1ffff080        0x0 load address 0x000079c8
 FILL mask 0xff
                0x1ffff080                _data = .
                [!provide]                PROVIDE (__start_data_RAM = .)
                [!provide]                PROVIDE (__start_data_SRAM = .)
 *(SORT_BY_ALIGNMENT(vtable))
 *(SORT_BY_ALIGNMENT(.ramfunc*))
 *(SORT_BY_ALIGNMENT(CodeQuickAccess))
 *(SORT_BY_ALIGNMENT(DataQuickAccess))
 *(SORT_BY_ALIGNMENT(RamFunction))
 *(SORT_BY_ALIGNMENT(.data*))
                0x1ffff080                . = ALIGN (0x4)
                0x1ffff080                _edata = .
                [!provide]                PROVIDE (__end_data_RAM = .)
                [!provide]                PROVIDE (__end_data_SRAM = .)

.igot.plt       0x1ffff080        0x0 load address 0x000079c8
 .igot.plt      0x1ffff080        0x0 ./utilities/fsl_debug_console.o

.bss            0x1ffff080      0x338
                0x1ffff080                _bss = .
                [!provide]                PROVIDE (__start_bss_RAM = .)
                [!provide]                PROVIDE (__start_bss_SRAM = .)
 *(SORT_BY_ALIGNMENT(.bss*))
 .bss.s_debugConsole
                0x1ffff080       0x10 ./utilities/fsl_debug_console.o
 .bss.rxCirBuf  0x1ffff090      0x118 ./source/cbfifo.o
                0x1ffff090                rxCirBuf
 .bss.txCirBuf  0x1ffff1a8      0x118 ./source/cbfifo.o
                0x1ffff1a8                txCirBuf
 .bss.touchRetVal.5084
                0x1ffff2c0        0x4 ./source/finiteStateMachine.o
 .bss.lock_detect
                0x1ffff2c4        0x4 ./source/i2c.o
                0x1ffff2c4                lock_detect
 .bss.i2c_lock  0x1ffff2c8        0x4 ./source/i2c.o
                0x1ffff2c8                i2c_lock
 .bss.roll      0x1ffff2cc        0x4 ./source/mma8451.o
                0x1ffff2cc                roll
 .bss.pitch     0x1ffff2d0        0x4 ./source/mma8451.o
                0x1ffff2d0                pitch
 .bss.s_lpsciHandle
                0x1ffff2d4        0x4 ./drivers/fsl_lpsci.o
 .bss.s_lpsciIsr
                0x1ffff2d8        0x4 ./drivers/fsl_lpsci.o
 .bss.s_uartHandle
                0x1ffff2dc        0xc ./drivers/fsl_uart.o
 .bss.s_uartIsr
                0x1ffff2e8        0x4 ./drivers/fsl_uart.o
 .bss.__Ciob    0x1ffff2ec       0xb4 d:/ucb/pes/mcuxpressoinstalled/mcuxpressoide_11.2.0_4120/ide/plugins/com.nxp.mcuxpresso.tools.win32_11.2.0.202001021529/tools/bin/../lib/gcc/arm-none-eabi/9.2.1/../../../../arm-none-eabi/lib/thumb/v6-m/nofp\libcr_nohost_nf.a(__ciob.o)
                0x1ffff2ec                __Ciob
 .bss.errno     0x1ffff3a0        0x4 d:/ucb/pes/mcuxpressoinstalled/mcuxpressoide_11.2.0_4120/ide/plugins/com.nxp.mcuxpresso.tools.win32_11.2.0.202001021529/tools/bin/../lib/gcc/arm-none-eabi/9.2.1/../../../../arm-none-eabi/lib/thumb/v6-m/nofp\libcr_c.a(errno.o)
                0x1ffff3a0                errno
 .bss.__end_of_heap
                0x1ffff3a4        0x4 d:/ucb/pes/mcuxpressoinstalled/mcuxpressoide_11.2.0_4120/ide/plugins/com.nxp.mcuxpresso.tools.win32_11.2.0.202001021529/tools/bin/../lib/gcc/arm-none-eabi/9.2.1/../../../../arm-none-eabi/lib/thumb/v6-m/nofp\libcr_c.a(__init_alloc.o)
                0x1ffff3a4                __end_of_heap
 .bss.__heaps   0x1ffff3a8        0x4 d:/ucb/pes/mcuxpressoinstalled/mcuxpressoide_11.2.0_4120/ide/plugins/com.nxp.mcuxpresso.tools.win32_11.2.0.202001021529/tools/bin/../lib/gcc/arm-none-eabi/9.2.1/../../../../arm-none-eabi/lib/thumb/v6-m/nofp\libcr_c.a(__init_alloc.o)
                0x1ffff3a8                __heaps
 .bss.acc_X     0x1ffff3ac        0x2 ./source/mma8451.o
                0x1ffff3ac                acc_X
 .bss.acc_Y     0x1ffff3ae        0x2 ./source/mma8451.o
                0x1ffff3ae                acc_Y
 .bss.acc_Z     0x1ffff3b0        0x2 ./source/mma8451.o
                0x1ffff3b0                acc_Z
 .bss.printedOnce.5085
                0x1ffff3b2        0x1 ./source/finiteStateMachine.o
 .bss.setOutputPort.4754
                0x1ffff3b3        0x1 ./source/led.o
 .bss.setOutputPort.4759
                0x1ffff3b4        0x1 ./source/led.o
 .bss.setOutputPort.4764
                0x1ffff3b5        0x1 ./source/led.o
 .bss.buttonPressedForCrossWalk
                0x1ffff3b6        0x1 ./source/switch.o
 *(SORT_BY_ALIGNMENT(COMMON))
                0x1ffff3b8                . = ALIGN (0x4)
 *fill*         0x1ffff3b7        0x1 
                0x1ffff3b8                _ebss = .
                [!provide]                PROVIDE (__end_bss_RAM = .)
                [!provide]                PROVIDE (__end_bss_SRAM = .)
                [!provide]                PROVIDE (end = .)

.noinit         0x1ffff3b8        0x0
                0x1ffff3b8                _noinit = .
                [!provide]                PROVIDE (__start_noinit_RAM = .)
                [!provide]                PROVIDE (__start_noinit_SRAM = .)
 *(SORT_BY_ALIGNMENT(.noinit*))
                0x1ffff3b8                . = ALIGN (0x4)
                0x1ffff3b8                _end_noinit = .
                [!provide]                PROVIDE (__end_noinit_RAM = .)
                [!provide]                PROVIDE (__end_noinit_SRAM = .)
                0x00000400                _HeapSize = 0x400

.heap           0x1ffff3b8      0x400
                0x1ffff3b8                _pvHeapStart = .
                0x1ffff7b8                . = (. + _HeapSize)
 *fill*         0x1ffff3b8      0x400 
                0x1ffff7b8                . = ALIGN (0x4)
                0x1ffff7b8                _pvHeapLimit = .
                0x00000400                _StackSize = 0x400

.heap2stackfill
                0x1ffff7b8      0x400
                0x1ffffbb8                . = (. + _StackSize)
 *fill*         0x1ffff7b8      0x400 

.stack          0x20002c00        0x0
                0x20002c00                _vStackBase = .
                0x20002c00                . = ALIGN (0x4)
                0x20003000                _vStackTop = (. + _StackSize)
                0x00000000                _image_start = LOADADDR (.text)
                0x000079c8                _image_end = (LOADADDR (.data) + SIZEOF (.data))
                0x000079c8                _image_size = (_image_end - _image_start)
OUTPUT(tilt_angle_Acc_MKL25Z128xxx4_Project.axf elf32-littlearm)

.debug_info     0x00000000     0x8044
 .debug_info    0x00000000      0xfbd ./utilities/fsl_debug_console.o
 .debug_info    0x00000fbd      0x4df ./startup/startup_mkl25z4.o
 .debug_info    0x0000149c      0x5e3 ./source/cbfifo.o
 .debug_info    0x00001a7f       0xf4 ./source/delay.o
 .debug_info    0x00001b73      0x490 ./source/finiteStateMachine.o
 .debug_info    0x00002003      0x575 ./source/i2c.o
 .debug_info    0x00002578      0x62d ./source/led.o
 .debug_info    0x00002ba5      0x438 ./source/mma8451.o
 .debug_info    0x00002fdd       0x53 ./source/mtb.o
 .debug_info    0x00003030       0x3c ./source/semihost_hardfault.o
 .debug_info    0x0000306c      0x7a1 ./source/switch.o
 .debug_info    0x0000380d      0x2d8 ./source/sys_read_write.o
 .debug_info    0x00003ae5      0x1e4 ./source/sysclock.o
 .debug_info    0x00003cc9      0x37c ./source/test_cbfifo.o
 .debug_info    0x00004045      0x21e ./source/tilt_angle_Acc_MKL25Z128xxx4_Project.o
 .debug_info    0x00004263      0x461 ./source/touch.o
 .debug_info    0x000046c4      0x890 ./source/uart.o
 .debug_info    0x00004f54      0x444 ./drivers/fsl_common.o
 .debug_info    0x00005398     0x1469 ./drivers/fsl_lpsci.o
 .debug_info    0x00006801     0x140a ./drivers/fsl_uart.o
 .debug_info    0x00007c0b      0x439 ./CMSIS/system_MKL25Z4.o

.debug_abbrev   0x00000000     0x2246
 .debug_abbrev  0x00000000      0x2d7 ./utilities/fsl_debug_console.o
 .debug_abbrev  0x000002d7      0x18d ./startup/startup_mkl25z4.o
 .debug_abbrev  0x00000464      0x296 ./source/cbfifo.o
 .debug_abbrev  0x000006fa       0xc3 ./source/delay.o
 .debug_abbrev  0x000007bd      0x19e ./source/finiteStateMachine.o
 .debug_abbrev  0x0000095b      0x1b4 ./source/i2c.o
 .debug_abbrev  0x00000b0f      0x1a8 ./source/led.o
 .debug_abbrev  0x00000cb7      0x166 ./source/mma8451.o
 .debug_abbrev  0x00000e1d       0x46 ./source/mtb.o
 .debug_abbrev  0x00000e63       0x31 ./source/semihost_hardfault.o
 .debug_abbrev  0x00000e94      0x229 ./source/switch.o
 .debug_abbrev  0x000010bd      0x154 ./source/sys_read_write.o
 .debug_abbrev  0x00001211       0xef ./source/sysclock.o
 .debug_abbrev  0x00001300      0x11b ./source/test_cbfifo.o
 .debug_abbrev  0x0000141b       0xc7 ./source/tilt_angle_Acc_MKL25Z128xxx4_Project.o
 .debug_abbrev  0x000014e2      0x158 ./source/touch.o
 .debug_abbrev  0x0000163a      0x215 ./source/uart.o
 .debug_abbrev  0x0000184f      0x275 ./drivers/fsl_common.o
 .debug_abbrev  0x00001ac4      0x309 ./drivers/fsl_lpsci.o
 .debug_abbrev  0x00001dcd      0x323 ./drivers/fsl_uart.o
 .debug_abbrev  0x000020f0      0x156 ./CMSIS/system_MKL25Z4.o

.debug_aranges  0x00000000      0x810
 .debug_aranges
                0x00000000       0x98 ./utilities/fsl_debug_console.o
 .debug_aranges
                0x00000098      0x160 ./startup/startup_mkl25z4.o
 .debug_aranges
                0x000001f8       0x50 ./source/cbfifo.o
 .debug_aranges
                0x00000248       0x20 ./source/delay.o
 .debug_aranges
                0x00000268       0x50 ./source/finiteStateMachine.o
 .debug_aranges
                0x000002b8       0x58 ./source/i2c.o
 .debug_aranges
                0x00000310       0x78 ./source/led.o
 .debug_aranges
                0x00000388       0x48 ./source/mma8451.o
 .debug_aranges
                0x000003d0       0x18 ./source/mtb.o
 .debug_aranges
                0x000003e8       0x20 ./source/semihost_hardfault.o
 .debug_aranges
                0x00000408       0x58 ./source/switch.o
 .debug_aranges
                0x00000460       0x28 ./source/sys_read_write.o
 .debug_aranges
                0x00000488       0x20 ./source/sysclock.o
 .debug_aranges
                0x000004a8       0x30 ./source/test_cbfifo.o
 .debug_aranges
                0x000004d8       0x20 ./source/tilt_angle_Acc_MKL25Z128xxx4_Project.o
 .debug_aranges
                0x000004f8       0x28 ./source/touch.o
 .debug_aranges
                0x00000520       0x48 ./source/uart.o
 .debug_aranges
                0x00000568       0x38 ./drivers/fsl_common.o
 .debug_aranges
                0x000005a0      0x118 ./drivers/fsl_lpsci.o
 .debug_aranges
                0x000006b8      0x130 ./drivers/fsl_uart.o
 .debug_aranges
                0x000007e8       0x28 ./CMSIS/system_MKL25Z4.o

.debug_ranges   0x00000000      0x6b8
 .debug_ranges  0x00000000       0x88 ./utilities/fsl_debug_console.o
 .debug_ranges  0x00000088      0x150 ./startup/startup_mkl25z4.o
 .debug_ranges  0x000001d8       0x40 ./source/cbfifo.o
 .debug_ranges  0x00000218       0x10 ./source/delay.o
 .debug_ranges  0x00000228       0x40 ./source/finiteStateMachine.o
 .debug_ranges  0x00000268       0x48 ./source/i2c.o
 .debug_ranges  0x000002b0       0x68 ./source/led.o
 .debug_ranges  0x00000318       0x38 ./source/mma8451.o
 .debug_ranges  0x00000350       0x10 ./source/semihost_hardfault.o
 .debug_ranges  0x00000360       0x48 ./source/switch.o
 .debug_ranges  0x000003a8       0x18 ./source/sys_read_write.o
 .debug_ranges  0x000003c0       0x10 ./source/sysclock.o
 .debug_ranges  0x000003d0       0x20 ./source/test_cbfifo.o
 .debug_ranges  0x000003f0       0x10 ./source/tilt_angle_Acc_MKL25Z128xxx4_Project.o
 .debug_ranges  0x00000400       0x18 ./source/touch.o
 .debug_ranges  0x00000418       0x38 ./source/uart.o
 .debug_ranges  0x00000450       0x28 ./drivers/fsl_common.o
 .debug_ranges  0x00000478      0x108 ./drivers/fsl_lpsci.o
 .debug_ranges  0x00000580      0x120 ./drivers/fsl_uart.o
 .debug_ranges  0x000006a0       0x18 ./CMSIS/system_MKL25Z4.o

.debug_macro    0x00000000     0xe11a
 .debug_macro   0x00000000      0x127 ./utilities/fsl_debug_console.o
 .debug_macro   0x00000127      0xaae ./utilities/fsl_debug_console.o
 .debug_macro   0x00000bd5       0x10 ./utilities/fsl_debug_console.o
 .debug_macro   0x00000be5       0x16 ./utilities/fsl_debug_console.o
 .debug_macro   0x00000bfb       0x10 ./utilities/fsl_debug_console.o
 .debug_macro   0x00000c0b      0x12e ./utilities/fsl_debug_console.o
 .debug_macro   0x00000d39       0x28 ./utilities/fsl_debug_console.o
 .debug_macro   0x00000d61       0xc4 ./utilities/fsl_debug_console.o
 .debug_macro   0x00000e25       0x16 ./utilities/fsl_debug_console.o
 .debug_macro   0x00000e3b       0x22 ./utilities/fsl_debug_console.o
 .debug_macro   0x00000e5d      0x5b3 ./utilities/fsl_debug_console.o
 .debug_macro   0x00001410       0x10 ./utilities/fsl_debug_console.o
 .debug_macro   0x00001420       0x3f ./utilities/fsl_debug_console.o
 .debug_macro   0x0000145f       0x3a ./utilities/fsl_debug_console.o
 .debug_macro   0x00001499       0x26 ./utilities/fsl_debug_console.o
 .debug_macro   0x000014bf      0x329 ./utilities/fsl_debug_console.o
 .debug_macro   0x000017e8       0x30 ./utilities/fsl_debug_console.o
 .debug_macro   0x00001818     0x51e2 ./utilities/fsl_debug_console.o
 .debug_macro   0x000069fa     0x1352 ./utilities/fsl_debug_console.o
 .debug_macro   0x00007d4c       0x3a ./utilities/fsl_debug_console.o
 .debug_macro   0x00007d86       0xf4 ./utilities/fsl_debug_console.o
 .debug_macro   0x00007e7a       0x35 ./utilities/fsl_debug_console.o
 .debug_macro   0x00007eaf       0x2e ./utilities/fsl_debug_console.o
 .debug_macro   0x00007edd       0x10 ./utilities/fsl_debug_console.o
 .debug_macro   0x00007eed       0x10 ./utilities/fsl_debug_console.o
 .debug_macro   0x00007efd       0x29 ./startup/startup_mkl25z4.o
 .debug_macro   0x00007f26       0xc5 ./source/cbfifo.o
 .debug_macro   0x00007feb       0xa0 ./source/cbfifo.o
 .debug_macro   0x0000808b       0x10 ./source/cbfifo.o
 .debug_macro   0x0000809b       0x22 ./source/cbfifo.o
 .debug_macro   0x000080bd       0x88 ./source/delay.o
 .debug_macro   0x00008145       0x3f ./source/delay.o
 .debug_macro   0x00008184       0x34 ./source/delay.o
 .debug_macro   0x000081b8     0x51e2 ./source/delay.o
 .debug_macro   0x0000d39a      0x11f ./source/finiteStateMachine.o
 .debug_macro   0x0000d4b9       0x28 ./source/finiteStateMachine.o
 .debug_macro   0x0000d4e1       0x28 ./source/finiteStateMachine.o
 .debug_macro   0x0000d509       0x46 ./source/finiteStateMachine.o
 .debug_macro   0x0000d54f       0x58 ./source/finiteStateMachine.o
 .debug_macro   0x0000d5a7       0x10 ./source/finiteStateMachine.o
 .debug_macro   0x0000d5b7       0x91 ./source/i2c.o
 .debug_macro   0x0000d648       0xcf ./source/led.o
 .debug_macro   0x0000d717       0xfc ./source/mma8451.o
 .debug_macro   0x0000d813       0x2f ./source/mtb.o
 .debug_macro   0x0000d842       0x82 ./source/mtb.o
 .debug_macro   0x0000d8c4       0x10 ./source/mtb.o
 .debug_macro   0x0000d8d4       0x11 ./source/semihost_hardfault.o
 .debug_macro   0x0000d8e5       0xbf ./source/switch.o
 .debug_macro   0x0000d9a4       0xb2 ./source/sys_read_write.o
 .debug_macro   0x0000da56       0x91 ./source/sysclock.o
 .debug_macro   0x0000dae7       0xa5 ./source/test_cbfifo.o
 .debug_macro   0x0000db8c       0x16 ./source/test_cbfifo.o
 .debug_macro   0x0000dba2       0x90 ./source/tilt_angle_Acc_MKL25Z128xxx4_Project.o
 .debug_macro   0x0000dc32       0xb1 ./source/touch.o
 .debug_macro   0x0000dce3       0xd6 ./source/uart.o
 .debug_macro   0x0000ddb9       0xef ./drivers/fsl_common.o
 .debug_macro   0x0000dea8       0xec ./drivers/fsl_lpsci.o
 .debug_macro   0x0000df94       0xf2 ./drivers/fsl_uart.o
 .debug_macro   0x0000e086       0x94 ./CMSIS/system_MKL25Z4.o

.debug_line     0x00000000     0x674d
 .debug_line    0x00000000      0xe4c ./utilities/fsl_debug_console.o
 .debug_line    0x00000e4c      0x1e7 ./startup/startup_mkl25z4.o
 .debug_line    0x00001033      0x598 ./source/cbfifo.o
 .debug_line    0x000015cb      0x29c ./source/delay.o
 .debug_line    0x00001867      0x552 ./source/finiteStateMachine.o
 .debug_line    0x00001db9      0x425 ./source/i2c.o
 .debug_line    0x000021de      0x435 ./source/led.o
 .debug_line    0x00002613      0x4f2 ./source/mma8451.o
 .debug_line    0x00002b05       0xe9 ./source/mtb.o
 .debug_line    0x00002bee       0x59 ./source/semihost_hardfault.o
 .debug_line    0x00002c47      0x3e9 ./source/switch.o
 .debug_line    0x00003030      0x31d ./source/sys_read_write.o
 .debug_line    0x0000334d      0x299 ./source/sysclock.o
 .debug_line    0x000035e6      0x42e ./source/test_cbfifo.o
 .debug_line    0x00003a14      0x241 ./source/tilt_angle_Acc_MKL25Z128xxx4_Project.o
 .debug_line    0x00003c55      0x2df ./source/touch.o
 .debug_line    0x00003f34      0x452 ./source/uart.o
 .debug_line    0x00004386      0x4dd ./drivers/fsl_common.o
 .debug_line    0x00004863      0xdcc ./drivers/fsl_lpsci.o
 .debug_line    0x0000562f      0xdbb ./drivers/fsl_uart.o
 .debug_line    0x000063ea      0x363 ./CMSIS/system_MKL25Z4.o

.debug_str      0x00000000    0x34696
 .debug_str     0x00000000    0x3158e ./utilities/fsl_debug_console.o
                              0x31832 (size before relaxing)
 .debug_str     0x0003158e      0x403 ./startup/startup_mkl25z4.o
                               0x3222 (size before relaxing)
 .debug_str     0x00031991      0x44a ./source/cbfifo.o
                              0x292a1 (size before relaxing)
 .debug_str     0x00031ddb       0x18 ./source/delay.o
                              0x28d96 (size before relaxing)
 .debug_str     0x00031df3      0x51d ./source/finiteStateMachine.o
                              0x29b75 (size before relaxing)
 .debug_str     0x00032310      0x1a4 ./source/i2c.o
                              0x29090 (size before relaxing)
 .debug_str     0x000324b4      0x122 ./source/led.o
                              0x29362 (size before relaxing)
 .debug_str     0x000325d6      0x13b ./source/mma8451.o
                              0x2992a (size before relaxing)
 .debug_str     0x00032711      0x532 ./source/mtb.o
                               0x332e (size before relaxing)
 .debug_str     0x00032c43       0x1f ./source/semihost_hardfault.o
                               0x2e1b (size before relaxing)
 .debug_str     0x00032c62      0x36d ./source/switch.o
                              0x292b2 (size before relaxing)
 .debug_str     0x00032fcf       0x3a ./source/sys_read_write.o
                              0x28f0c (size before relaxing)
 .debug_str     0x00033009       0x38 ./source/sysclock.o
                              0x28e01 (size before relaxing)
 .debug_str     0x00033041       0x93 ./source/test_cbfifo.o
                               0x4a1d (size before relaxing)
 .debug_str     0x000330d4       0x36 ./source/tilt_angle_Acc_MKL25Z128xxx4_Project.o
                               0x4b2c (size before relaxing)
 .debug_str     0x0003310a       0x78 ./source/touch.o
                              0x291be (size before relaxing)
 .debug_str     0x00033182       0xaf ./source/uart.o
                              0x29300 (size before relaxing)
 .debug_str     0x00033231       0xe1 ./drivers/fsl_common.o
                              0x30910 (size before relaxing)
 .debug_str     0x00033312      0xb03 ./drivers/fsl_lpsci.o
                              0x31931 (size before relaxing)
 .debug_str     0x00033e15      0x832 ./drivers/fsl_uart.o
                              0x31954 (size before relaxing)
 .debug_str     0x00034647       0x4f ./CMSIS/system_MKL25Z4.o
                              0x2fc93 (size before relaxing)

.comment        0x00000000       0x79
 .comment       0x00000000       0x79 ./utilities/fsl_debug_console.o
                                 0x7a (size before relaxing)
 .comment       0x00000079       0x7a ./startup/startup_mkl25z4.o
 .comment       0x00000079       0x7a ./source/cbfifo.o
 .comment       0x00000079       0x7a ./source/delay.o
 .comment       0x00000079       0x7a ./source/finiteStateMachine.o
 .comment       0x00000079       0x7a ./source/i2c.o
 .comment       0x00000079       0x7a ./source/led.o
 .comment       0x00000079       0x7a ./source/mma8451.o
 .comment       0x00000079       0x7a ./source/mtb.o
 .comment       0x00000079       0x7a ./source/semihost_hardfault.o
 .comment       0x00000079       0x7a ./source/switch.o
 .comment       0x00000079       0x7a ./source/sys_read_write.o
 .comment       0x00000079       0x7a ./source/sysclock.o
 .comment       0x00000079       0x7a ./source/test_cbfifo.o
 .comment       0x00000079       0x7a ./source/tilt_angle_Acc_MKL25Z128xxx4_Project.o
 .comment       0x00000079       0x7a ./source/touch.o
 .comment       0x00000079       0x7a ./source/uart.o
 .comment       0x00000079       0x7a ./drivers/fsl_common.o
 .comment       0x00000079       0x7a ./drivers/fsl_lpsci.o
 .comment       0x00000079       0x7a ./drivers/fsl_uart.o
 .comment       0x00000079       0x7a ./CMSIS/system_MKL25Z4.o
 .comment       0x00000079       0x7a d:/ucb/pes/mcuxpressoinstalled/mcuxpressoide_11.2.0_4120/ide/plugins/com.nxp.mcuxpresso.tools.win32_11.2.0.202001021529/tools/bin/../lib/gcc/arm-none-eabi/9.2.1/../../../../arm-none-eabi/lib/thumb/v6-m/nofp\libcr_nohost_nf.a(__ciob.o)
 .comment       0x00000079       0x7a d:/ucb/pes/mcuxpressoinstalled/mcuxpressoide_11.2.0_4120/ide/plugins/com.nxp.mcuxpresso.tools.win32_11.2.0.202001021529/tools/bin/../lib/gcc/arm-none-eabi/9.2.1/../../../../arm-none-eabi/lib/thumb/v6-m/nofp\libcr_nohost_nf.a(_cr__main.o)
 .comment       0x00000079       0x7a d:/ucb/pes/mcuxpressoinstalled/mcuxpressoide_11.2.0_4120/ide/plugins/com.nxp.mcuxpresso.tools.win32_11.2.0.202001021529/tools/bin/../lib/gcc/arm-none-eabi/9.2.1/../../../../arm-none-eabi/lib/thumb/v6-m/nofp\libcr_c.a(memset.o)
 .comment       0x00000079       0x7a d:/ucb/pes/mcuxpressoinstalled/mcuxpressoide_11.2.0_4120/ide/plugins/com.nxp.mcuxpresso.tools.win32_11.2.0.202001021529/tools/bin/../lib/gcc/arm-none-eabi/9.2.1/../../../../arm-none-eabi/lib/thumb/v6-m/nofp\libcr_c.a(__fillbuf.o)
 .comment       0x00000079       0x7a d:/ucb/pes/mcuxpressoinstalled/mcuxpressoide_11.2.0_4120/ide/plugins/com.nxp.mcuxpresso.tools.win32_11.2.0.202001021529/tools/bin/../lib/gcc/arm-none-eabi/9.2.1/../../../../arm-none-eabi/lib/thumb/v6-m/nofp\libcr_c.a(_deferredlazyseek.o)
 .comment       0x00000079       0x7a d:/ucb/pes/mcuxpressoinstalled/mcuxpressoide_11.2.0_4120/ide/plugins/com.nxp.mcuxpresso.tools.win32_11.2.0.202001021529/tools/bin/../lib/gcc/arm-none-eabi/9.2.1/../../../../arm-none-eabi/lib/thumb/v6-m/nofp\libcr_c.a(_fflush.o)
 .comment       0x00000079       0x7a d:/ucb/pes/mcuxpressoinstalled/mcuxpressoide_11.2.0_4120/ide/plugins/com.nxp.mcuxpresso.tools.win32_11.2.0.202001021529/tools/bin/../lib/gcc/arm-none-eabi/9.2.1/../../../../arm-none-eabi/lib/thumb/v6-m/nofp\libcr_c.a(_writebuf.o)
 .comment       0x00000079       0x7a d:/ucb/pes/mcuxpressoinstalled/mcuxpressoide_11.2.0_4120/ide/plugins/com.nxp.mcuxpresso.tools.win32_11.2.0.202001021529/tools/bin/../lib/gcc/arm-none-eabi/9.2.1/../../../../arm-none-eabi/lib/thumb/v6-m/nofp\libcr_c.a(acos.o)
 .comment       0x00000079       0x7a d:/ucb/pes/mcuxpressoinstalled/mcuxpressoide_11.2.0_4120/ide/plugins/com.nxp.mcuxpresso.tools.win32_11.2.0.202001021529/tools/bin/../lib/gcc/arm-none-eabi/9.2.1/../../../../arm-none-eabi/lib/thumb/v6-m/nofp\libcr_c.a(alloc.o)
 .comment       0x00000079       0x7a d:/ucb/pes/mcuxpressoinstalled/mcuxpressoide_11.2.0_4120/ide/plugins/com.nxp.mcuxpresso.tools.win32_11.2.0.202001021529/tools/bin/../lib/gcc/arm-none-eabi/9.2.1/../../../../arm-none-eabi/lib/thumb/v6-m/nofp\libcr_c.a(atan2.o)
 .comment       0x00000079       0x7a d:/ucb/pes/mcuxpressoinstalled/mcuxpressoide_11.2.0_4120/ide/plugins/com.nxp.mcuxpresso.tools.win32_11.2.0.202001021529/tools/bin/../lib/gcc/arm-none-eabi/9.2.1/../../../../arm-none-eabi/lib/thumb/v6-m/nofp\libcr_c.a(errno.o)
 .comment       0x00000079       0x7a d:/ucb/pes/mcuxpressoinstalled/mcuxpressoide_11.2.0_4120/ide/plugins/com.nxp.mcuxpresso.tools.win32_11.2.0.202001021529/tools/bin/../lib/gcc/arm-none-eabi/9.2.1/../../../../arm-none-eabi/lib/thumb/v6-m/nofp\libcr_c.a(fabs.o)
 .comment       0x00000079       0x7a d:/ucb/pes/mcuxpressoinstalled/mcuxpressoide_11.2.0_4120/ide/plugins/com.nxp.mcuxpresso.tools.win32_11.2.0.202001021529/tools/bin/../lib/gcc/arm-none-eabi/9.2.1/../../../../arm-none-eabi/lib/thumb/v6-m/nofp\libcr_c.a(fpprintf.o)
 .comment       0x00000079       0x7a d:/ucb/pes/mcuxpressoinstalled/mcuxpressoide_11.2.0_4120/ide/plugins/com.nxp.mcuxpresso.tools.win32_11.2.0.202001021529/tools/bin/../lib/gcc/arm-none-eabi/9.2.1/../../../../arm-none-eabi/lib/thumb/v6-m/nofp\libcr_c.a(fseek.o)
 .comment       0x00000079       0x7a d:/ucb/pes/mcuxpressoinstalled/mcuxpressoide_11.2.0_4120/ide/plugins/com.nxp.mcuxpresso.tools.win32_11.2.0.202001021529/tools/bin/../lib/gcc/arm-none-eabi/9.2.1/../../../../arm-none-eabi/lib/thumb/v6-m/nofp\libcr_c.a(ftell.o)
 .comment       0x00000079       0x7a d:/ucb/pes/mcuxpressoinstalled/mcuxpressoide_11.2.0_4120/ide/plugins/com.nxp.mcuxpresso.tools.win32_11.2.0.202001021529/tools/bin/../lib/gcc/arm-none-eabi/9.2.1/../../../../arm-none-eabi/lib/thumb/v6-m/nofp\libcr_c.a(initio.o)
 .comment       0x00000079       0x7a d:/ucb/pes/mcuxpressoinstalled/mcuxpressoide_11.2.0_4120/ide/plugins/com.nxp.mcuxpresso.tools.win32_11.2.0.202001021529/tools/bin/../lib/gcc/arm-none-eabi/9.2.1/../../../../arm-none-eabi/lib/thumb/v6-m/nofp\libcr_c.a(modf.o)
 .comment       0x00000079       0x7a d:/ucb/pes/mcuxpressoinstalled/mcuxpressoide_11.2.0_4120/ide/plugins/com.nxp.mcuxpresso.tools.win32_11.2.0.202001021529/tools/bin/../lib/gcc/arm-none-eabi/9.2.1/../../../../arm-none-eabi/lib/thumb/v6-m/nofp\libcr_c.a(pow.o)
 .comment       0x00000079       0x7a d:/ucb/pes/mcuxpressoinstalled/mcuxpressoide_11.2.0_4120/ide/plugins/com.nxp.mcuxpresso.tools.win32_11.2.0.202001021529/tools/bin/../lib/gcc/arm-none-eabi/9.2.1/../../../../arm-none-eabi/lib/thumb/v6-m/nofp\libcr_c.a(printf.o)
 .comment       0x00000079       0x7a d:/ucb/pes/mcuxpressoinstalled/mcuxpressoide_11.2.0_4120/ide/plugins/com.nxp.mcuxpresso.tools.win32_11.2.0.202001021529/tools/bin/../lib/gcc/arm-none-eabi/9.2.1/../../../../arm-none-eabi/lib/thumb/v6-m/nofp\libcr_c.a(scanf.o)
 .comment       0x00000079       0x7a d:/ucb/pes/mcuxpressoinstalled/mcuxpressoide_11.2.0_4120/ide/plugins/com.nxp.mcuxpresso.tools.win32_11.2.0.202001021529/tools/bin/../lib/gcc/arm-none-eabi/9.2.1/../../../../arm-none-eabi/lib/thumb/v6-m/nofp\libcr_c.a(setvbuf.o)
 .comment       0x00000079       0x7a d:/ucb/pes/mcuxpressoinstalled/mcuxpressoide_11.2.0_4120/ide/plugins/com.nxp.mcuxpresso.tools.win32_11.2.0.202001021529/tools/bin/../lib/gcc/arm-none-eabi/9.2.1/../../../../arm-none-eabi/lib/thumb/v6-m/nofp\libcr_c.a(sqrt.o)
 .comment       0x00000079       0x7a d:/ucb/pes/mcuxpressoinstalled/mcuxpressoide_11.2.0_4120/ide/plugins/com.nxp.mcuxpresso.tools.win32_11.2.0.202001021529/tools/bin/../lib/gcc/arm-none-eabi/9.2.1/../../../../arm-none-eabi/lib/thumb/v6-m/nofp\libcr_c.a(strlen.o)
 .comment       0x00000079       0x7a d:/ucb/pes/mcuxpressoinstalled/mcuxpressoide_11.2.0_4120/ide/plugins/com.nxp.mcuxpresso.tools.win32_11.2.0.202001021529/tools/bin/../lib/gcc/arm-none-eabi/9.2.1/../../../../arm-none-eabi/lib/thumb/v6-m/nofp\libcr_c.a(__init_alloc.o)
 .comment       0x00000079       0x7a d:/ucb/pes/mcuxpressoinstalled/mcuxpressoide_11.2.0_4120/ide/plugins/com.nxp.mcuxpresso.tools.win32_11.2.0.202001021529/tools/bin/../lib/gcc/arm-none-eabi/9.2.1/../../../../arm-none-eabi/lib/thumb/v6-m/nofp\libcr_c.a(_asinacos.o)
 .comment       0x00000079       0x7a d:/ucb/pes/mcuxpressoinstalled/mcuxpressoide_11.2.0_4120/ide/plugins/com.nxp.mcuxpresso.tools.win32_11.2.0.202001021529/tools/bin/../lib/gcc/arm-none-eabi/9.2.1/../../../../arm-none-eabi/lib/thumb/v6-m/nofp\libcr_c.a(_cr_sbrk.o)
 .comment       0x00000079       0x7a d:/ucb/pes/mcuxpressoinstalled/mcuxpressoide_11.2.0_4120/ide/plugins/com.nxp.mcuxpresso.tools.win32_11.2.0.202001021529/tools/bin/../lib/gcc/arm-none-eabi/9.2.1/../../../../arm-none-eabi/lib/thumb/v6-m/nofp\libcr_c.a(_fdopen.o)
 .comment       0x00000079       0x7a d:/ucb/pes/mcuxpressoinstalled/mcuxpressoide_11.2.0_4120/ide/plugins/com.nxp.mcuxpresso.tools.win32_11.2.0.202001021529/tools/bin/../lib/gcc/arm-none-eabi/9.2.1/../../../../arm-none-eabi/lib/thumb/v6-m/nofp\libcr_c.a(_frexpl.o)
 .comment       0x00000079       0x7a d:/ucb/pes/mcuxpressoinstalled/mcuxpressoide_11.2.0_4120/ide/plugins/com.nxp.mcuxpresso.tools.win32_11.2.0.202001021529/tools/bin/../lib/gcc/arm-none-eabi/9.2.1/../../../../arm-none-eabi/lib/thumb/v6-m/nofp\libcr_c.a(_ldexpl.o)
 .comment       0x00000079       0x7a d:/ucb/pes/mcuxpressoinstalled/mcuxpressoide_11.2.0_4120/ide/plugins/com.nxp.mcuxpresso.tools.win32_11.2.0.202001021529/tools/bin/../lib/gcc/arm-none-eabi/9.2.1/../../../../arm-none-eabi/lib/thumb/v6-m/nofp\libcr_c.a(atan.o)
 .comment       0x00000079       0x7a d:/ucb/pes/mcuxpressoinstalled/mcuxpressoide_11.2.0_4120/ide/plugins/com.nxp.mcuxpresso.tools.win32_11.2.0.202001021529/tools/bin/../lib/gcc/arm-none-eabi/9.2.1/../../../../arm-none-eabi/lib/thumb/v6-m/nofp\libcr_c.a(ctype.o)
 .comment       0x00000079       0x7a d:/ucb/pes/mcuxpressoinstalled/mcuxpressoide_11.2.0_4120/ide/plugins/com.nxp.mcuxpresso.tools.win32_11.2.0.202001021529/tools/bin/../lib/gcc/arm-none-eabi/9.2.1/../../../../arm-none-eabi/lib/thumb/v6-m/nofp\libcr_c.a(fclose.o)
 .comment       0x00000079       0x7a d:/ucb/pes/mcuxpressoinstalled/mcuxpressoide_11.2.0_4120/ide/plugins/com.nxp.mcuxpresso.tools.win32_11.2.0.202001021529/tools/bin/../lib/gcc/arm-none-eabi/9.2.1/../../../../arm-none-eabi/lib/thumb/v6-m/nofp\libcr_c.a(fflush.o)
 .comment       0x00000079       0x7a d:/ucb/pes/mcuxpressoinstalled/mcuxpressoide_11.2.0_4120/ide/plugins/com.nxp.mcuxpresso.tools.win32_11.2.0.202001021529/tools/bin/../lib/gcc/arm-none-eabi/9.2.1/../../../../arm-none-eabi/lib/thumb/v6-m/nofp\libcr_c.a(frexp.o)
 .comment       0x00000079       0x7a d:/ucb/pes/mcuxpressoinstalled/mcuxpressoide_11.2.0_4120/ide/plugins/com.nxp.mcuxpresso.tools.win32_11.2.0.202001021529/tools/bin/../lib/gcc/arm-none-eabi/9.2.1/../../../../arm-none-eabi/lib/thumb/v6-m/nofp\libcr_c.a(ldexp.o)
 .comment       0x00000079       0x7a d:/ucb/pes/mcuxpressoinstalled/mcuxpressoide_11.2.0_4120/ide/plugins/com.nxp.mcuxpresso.tools.win32_11.2.0.202001021529/tools/bin/../lib/gcc/arm-none-eabi/9.2.1/../../../../arm-none-eabi/lib/thumb/v6-m/nofp\libcr_c.a(remove.o)
 .comment       0x00000079       0x7a d:/ucb/pes/mcuxpressoinstalled/mcuxpressoide_11.2.0_4120/ide/plugins/com.nxp.mcuxpresso.tools.win32_11.2.0.202001021529/tools/bin/../lib/gcc/arm-none-eabi/9.2.1/../../../../arm-none-eabi/lib/thumb/v6-m/nofp\libcr_c.a(_cr_check_heap.o)
 .comment       0x00000079       0x7a d:/ucb/pes/mcuxpressoinstalled/mcuxpressoide_11.2.0_4120/ide/plugins/com.nxp.mcuxpresso.tools.win32_11.2.0.202001021529/tools/bin/../lib/gcc/arm-none-eabi/9.2.1/../../../../arm-none-eabi/lib/thumb/v6-m/nofp\libcr_c.a(_do_fflush.o)
 .comment       0x00000079       0x7a d:/ucb/pes/mcuxpressoinstalled/mcuxpressoide_11.2.0_4120/ide/plugins/com.nxp.mcuxpresso.tools.win32_11.2.0.202001021529/tools/bin/../lib/gcc/arm-none-eabi/9.2.1/thumb/v6-m/nofp\libcr_eabihelpers.a(double.o)
 .comment       0x00000079       0x7a d:/ucb/pes/mcuxpressoinstalled/mcuxpressoide_11.2.0_4120/ide/plugins/com.nxp.mcuxpresso.tools.win32_11.2.0.202001021529/tools/bin/../lib/gcc/arm-none-eabi/9.2.1/thumb/v6-m/nofp\libcr_eabihelpers.a(float.o)
 .comment       0x00000079       0x7a d:/ucb/pes/mcuxpressoinstalled/mcuxpressoide_11.2.0_4120/ide/plugins/com.nxp.mcuxpresso.tools.win32_11.2.0.202001021529/tools/bin/../lib/gcc/arm-none-eabi/9.2.1/../../../../arm-none-eabi/lib/thumb/v6-m/nofp\libcr_nohost_nf.a(__sys_appexit.o)
 .comment       0x00000079       0x7a d:/ucb/pes/mcuxpressoinstalled/mcuxpressoide_11.2.0_4120/ide/plugins/com.nxp.mcuxpresso.tools.win32_11.2.0.202001021529/tools/bin/../lib/gcc/arm-none-eabi/9.2.1/../../../../arm-none-eabi/lib/thumb/v6-m/nofp\libcr_nohost_nf.a(__sys_close.o)
 .comment       0x00000079       0x7a d:/ucb/pes/mcuxpressoinstalled/mcuxpressoide_11.2.0_4120/ide/plugins/com.nxp.mcuxpresso.tools.win32_11.2.0.202001021529/tools/bin/../lib/gcc/arm-none-eabi/9.2.1/../../../../arm-none-eabi/lib/thumb/v6-m/nofp\libcr_nohost_nf.a(__sys_flen.o)
 .comment       0x00000079       0x7a d:/ucb/pes/mcuxpressoinstalled/mcuxpressoide_11.2.0_4120/ide/plugins/com.nxp.mcuxpresso.tools.win32_11.2.0.202001021529/tools/bin/../lib/gcc/arm-none-eabi/9.2.1/../../../../arm-none-eabi/lib/thumb/v6-m/nofp\libcr_nohost_nf.a(__sys_istty.o)
 .comment       0x00000079       0x7a d:/ucb/pes/mcuxpressoinstalled/mcuxpressoide_11.2.0_4120/ide/plugins/com.nxp.mcuxpresso.tools.win32_11.2.0.202001021529/tools/bin/../lib/gcc/arm-none-eabi/9.2.1/../../../../arm-none-eabi/lib/thumb/v6-m/nofp\libcr_nohost_nf.a(__sys_read.o)
 .comment       0x00000079       0x7a d:/ucb/pes/mcuxpressoinstalled/mcuxpressoide_11.2.0_4120/ide/plugins/com.nxp.mcuxpresso.tools.win32_11.2.0.202001021529/tools/bin/../lib/gcc/arm-none-eabi/9.2.1/../../../../arm-none-eabi/lib/thumb/v6-m/nofp\libcr_nohost_nf.a(__sys_remove.o)
 .comment       0x00000079       0x7a d:/ucb/pes/mcuxpressoinstalled/mcuxpressoide_11.2.0_4120/ide/plugins/com.nxp.mcuxpresso.tools.win32_11.2.0.202001021529/tools/bin/../lib/gcc/arm-none-eabi/9.2.1/../../../../arm-none-eabi/lib/thumb/v6-m/nofp\libcr_nohost_nf.a(__sys_seek.o)
 .comment       0x00000079       0x7a d:/ucb/pes/mcuxpressoinstalled/mcuxpressoide_11.2.0_4120/ide/plugins/com.nxp.mcuxpresso.tools.win32_11.2.0.202001021529/tools/bin/../lib/gcc/arm-none-eabi/9.2.1/../../../../arm-none-eabi/lib/thumb/v6-m/nofp\libcr_nohost_nf.a(__sys_tmpnam.o)

.ARM.attributes
                0x00000000       0x2a
 .ARM.attributes
                0x00000000       0x2c ./utilities/fsl_debug_console.o
 .ARM.attributes
                0x0000002c       0x2c ./startup/startup_mkl25z4.o
 .ARM.attributes
                0x00000058       0x2c ./source/cbfifo.o
 .ARM.attributes
                0x00000084       0x2c ./source/delay.o
 .ARM.attributes
                0x000000b0       0x2c ./source/finiteStateMachine.o
 .ARM.attributes
                0x000000dc       0x2c ./source/i2c.o
 .ARM.attributes
                0x00000108       0x2c ./source/led.o
 .ARM.attributes
                0x00000134       0x2c ./source/mma8451.o
 .ARM.attributes
                0x00000160       0x32 ./source/mtb.o
 .ARM.attributes
                0x00000192       0x2c ./source/semihost_hardfault.o
 .ARM.attributes
                0x000001be       0x2c ./source/switch.o
 .ARM.attributes
                0x000001ea       0x2c ./source/sys_read_write.o
 .ARM.attributes
                0x00000216       0x2c ./source/sysclock.o
 .ARM.attributes
                0x00000242       0x2c ./source/test_cbfifo.o
 .ARM.attributes
                0x0000026e       0x2c ./source/tilt_angle_Acc_MKL25Z128xxx4_Project.o
 .ARM.attributes
                0x0000029a       0x2c ./source/touch.o
 .ARM.attributes
                0x000002c6       0x2c ./source/uart.o
 .ARM.attributes
                0x000002f2       0x2c ./drivers/fsl_common.o
 .ARM.attributes
                0x0000031e       0x2c ./drivers/fsl_lpsci.o
 .ARM.attributes
                0x0000034a       0x2c ./drivers/fsl_uart.o
 .ARM.attributes
                0x00000376       0x2c ./CMSIS/system_MKL25Z4.o
 .ARM.attributes
                0x000003a2       0x31 d:/ucb/pes/mcuxpressoinstalled/mcuxpressoide_11.2.0_4120/ide/plugins/com.nxp.mcuxpresso.tools.win32_11.2.0.202001021529/tools/bin/../lib/gcc/arm-none-eabi/9.2.1/../../../../arm-none-eabi/lib/thumb/v6-m/nofp\libcr_nohost_nf.a(__ciob.o)
 .ARM.attributes
                0x000003d3       0x2c d:/ucb/pes/mcuxpressoinstalled/mcuxpressoide_11.2.0_4120/ide/plugins/com.nxp.mcuxpresso.tools.win32_11.2.0.202001021529/tools/bin/../lib/gcc/arm-none-eabi/9.2.1/../../../../arm-none-eabi/lib/thumb/v6-m/nofp\libcr_nohost_nf.a(_cr__main.o)
 .ARM.attributes
                0x000003ff       0x2c d:/ucb/pes/mcuxpressoinstalled/mcuxpressoide_11.2.0_4120/ide/plugins/com.nxp.mcuxpresso.tools.win32_11.2.0.202001021529/tools/bin/../lib/gcc/arm-none-eabi/9.2.1/../../../../arm-none-eabi/lib/thumb/v6-m/nofp\libcr_c.a(memset.o)
 .ARM.attributes
                0x0000042b       0x2c d:/ucb/pes/mcuxpressoinstalled/mcuxpressoide_11.2.0_4120/ide/plugins/com.nxp.mcuxpresso.tools.win32_11.2.0.202001021529/tools/bin/../lib/gcc/arm-none-eabi/9.2.1/../../../../arm-none-eabi/lib/thumb/v6-m/nofp\libcr_c.a(__fillbuf.o)
 .ARM.attributes
                0x00000457       0x2c d:/ucb/pes/mcuxpressoinstalled/mcuxpressoide_11.2.0_4120/ide/plugins/com.nxp.mcuxpresso.tools.win32_11.2.0.202001021529/tools/bin/../lib/gcc/arm-none-eabi/9.2.1/../../../../arm-none-eabi/lib/thumb/v6-m/nofp\libcr_c.a(_deferredlazyseek.o)
 .ARM.attributes
                0x00000483       0x2c d:/ucb/pes/mcuxpressoinstalled/mcuxpressoide_11.2.0_4120/ide/plugins/com.nxp.mcuxpresso.tools.win32_11.2.0.202001021529/tools/bin/../lib/gcc/arm-none-eabi/9.2.1/../../../../arm-none-eabi/lib/thumb/v6-m/nofp\libcr_c.a(_fflush.o)
 .ARM.attributes
                0x000004af       0x2c d:/ucb/pes/mcuxpressoinstalled/mcuxpressoide_11.2.0_4120/ide/plugins/com.nxp.mcuxpresso.tools.win32_11.2.0.202001021529/tools/bin/../lib/gcc/arm-none-eabi/9.2.1/../../../../arm-none-eabi/lib/thumb/v6-m/nofp\libcr_c.a(_writebuf.o)
 .ARM.attributes
                0x000004db       0x2c d:/ucb/pes/mcuxpressoinstalled/mcuxpressoide_11.2.0_4120/ide/plugins/com.nxp.mcuxpresso.tools.win32_11.2.0.202001021529/tools/bin/../lib/gcc/arm-none-eabi/9.2.1/../../../../arm-none-eabi/lib/thumb/v6-m/nofp\libcr_c.a(acos.o)
 .ARM.attributes
                0x00000507       0x2c d:/ucb/pes/mcuxpressoinstalled/mcuxpressoide_11.2.0_4120/ide/plugins/com.nxp.mcuxpresso.tools.win32_11.2.0.202001021529/tools/bin/../lib/gcc/arm-none-eabi/9.2.1/../../../../arm-none-eabi/lib/thumb/v6-m/nofp\libcr_c.a(alloc.o)
 .ARM.attributes
                0x00000533       0x2c d:/ucb/pes/mcuxpressoinstalled/mcuxpressoide_11.2.0_4120/ide/plugins/com.nxp.mcuxpresso.tools.win32_11.2.0.202001021529/tools/bin/../lib/gcc/arm-none-eabi/9.2.1/../../../../arm-none-eabi/lib/thumb/v6-m/nofp\libcr_c.a(atan2.o)
 .ARM.attributes
                0x0000055f       0x31 d:/ucb/pes/mcuxpressoinstalled/mcuxpressoide_11.2.0_4120/ide/plugins/com.nxp.mcuxpresso.tools.win32_11.2.0.202001021529/tools/bin/../lib/gcc/arm-none-eabi/9.2.1/../../../../arm-none-eabi/lib/thumb/v6-m/nofp\libcr_c.a(errno.o)
 .ARM.attributes
                0x00000590       0x2c d:/ucb/pes/mcuxpressoinstalled/mcuxpressoide_11.2.0_4120/ide/plugins/com.nxp.mcuxpresso.tools.win32_11.2.0.202001021529/tools/bin/../lib/gcc/arm-none-eabi/9.2.1/../../../../arm-none-eabi/lib/thumb/v6-m/nofp\libcr_c.a(fabs.o)
 .ARM.attributes
                0x000005bc       0x2c d:/ucb/pes/mcuxpressoinstalled/mcuxpressoide_11.2.0_4120/ide/plugins/com.nxp.mcuxpresso.tools.win32_11.2.0.202001021529/tools/bin/../lib/gcc/arm-none-eabi/9.2.1/../../../../arm-none-eabi/lib/thumb/v6-m/nofp\libcr_c.a(fpprintf.o)
 .ARM.attributes
                0x000005e8       0x2c d:/ucb/pes/mcuxpressoinstalled/mcuxpressoide_11.2.0_4120/ide/plugins/com.nxp.mcuxpresso.tools.win32_11.2.0.202001021529/tools/bin/../lib/gcc/arm-none-eabi/9.2.1/../../../../arm-none-eabi/lib/thumb/v6-m/nofp\libcr_c.a(fseek.o)
 .ARM.attributes
                0x00000614       0x2c d:/ucb/pes/mcuxpressoinstalled/mcuxpressoide_11.2.0_4120/ide/plugins/com.nxp.mcuxpresso.tools.win32_11.2.0.202001021529/tools/bin/../lib/gcc/arm-none-eabi/9.2.1/../../../../arm-none-eabi/lib/thumb/v6-m/nofp\libcr_c.a(ftell.o)
 .ARM.attributes
                0x00000640       0x2c d:/ucb/pes/mcuxpressoinstalled/mcuxpressoide_11.2.0_4120/ide/plugins/com.nxp.mcuxpresso.tools.win32_11.2.0.202001021529/tools/bin/../lib/gcc/arm-none-eabi/9.2.1/../../../../arm-none-eabi/lib/thumb/v6-m/nofp\libcr_c.a(initio.o)
 .ARM.attributes
                0x0000066c       0x2c d:/ucb/pes/mcuxpressoinstalled/mcuxpressoide_11.2.0_4120/ide/plugins/com.nxp.mcuxpresso.tools.win32_11.2.0.202001021529/tools/bin/../lib/gcc/arm-none-eabi/9.2.1/../../../../arm-none-eabi/lib/thumb/v6-m/nofp\libcr_c.a(modf.o)
 .ARM.attributes
                0x00000698       0x2c d:/ucb/pes/mcuxpressoinstalled/mcuxpressoide_11.2.0_4120/ide/plugins/com.nxp.mcuxpresso.tools.win32_11.2.0.202001021529/tools/bin/../lib/gcc/arm-none-eabi/9.2.1/../../../../arm-none-eabi/lib/thumb/v6-m/nofp\libcr_c.a(pow.o)
 .ARM.attributes
                0x000006c4       0x2c d:/ucb/pes/mcuxpressoinstalled/mcuxpressoide_11.2.0_4120/ide/plugins/com.nxp.mcuxpresso.tools.win32_11.2.0.202001021529/tools/bin/../lib/gcc/arm-none-eabi/9.2.1/../../../../arm-none-eabi/lib/thumb/v6-m/nofp\libcr_c.a(printf.o)
 .ARM.attributes
                0x000006f0       0x2c d:/ucb/pes/mcuxpressoinstalled/mcuxpressoide_11.2.0_4120/ide/plugins/com.nxp.mcuxpresso.tools.win32_11.2.0.202001021529/tools/bin/../lib/gcc/arm-none-eabi/9.2.1/../../../../arm-none-eabi/lib/thumb/v6-m/nofp\libcr_c.a(scanf.o)
 .ARM.attributes
                0x0000071c       0x2c d:/ucb/pes/mcuxpressoinstalled/mcuxpressoide_11.2.0_4120/ide/plugins/com.nxp.mcuxpresso.tools.win32_11.2.0.202001021529/tools/bin/../lib/gcc/arm-none-eabi/9.2.1/../../../../arm-none-eabi/lib/thumb/v6-m/nofp\libcr_c.a(setvbuf.o)
 .ARM.attributes
                0x00000748       0x2c d:/ucb/pes/mcuxpressoinstalled/mcuxpressoide_11.2.0_4120/ide/plugins/com.nxp.mcuxpresso.tools.win32_11.2.0.202001021529/tools/bin/../lib/gcc/arm-none-eabi/9.2.1/../../../../arm-none-eabi/lib/thumb/v6-m/nofp\libcr_c.a(sqrt.o)
 .ARM.attributes
                0x00000774       0x2c d:/ucb/pes/mcuxpressoinstalled/mcuxpressoide_11.2.0_4120/ide/plugins/com.nxp.mcuxpresso.tools.win32_11.2.0.202001021529/tools/bin/../lib/gcc/arm-none-eabi/9.2.1/../../../../arm-none-eabi/lib/thumb/v6-m/nofp\libcr_c.a(strlen.o)
 .ARM.attributes
                0x000007a0       0x2c d:/ucb/pes/mcuxpressoinstalled/mcuxpressoide_11.2.0_4120/ide/plugins/com.nxp.mcuxpresso.tools.win32_11.2.0.202001021529/tools/bin/../lib/gcc/arm-none-eabi/9.2.1/../../../../arm-none-eabi/lib/thumb/v6-m/nofp\libcr_c.a(__init_alloc.o)
 .ARM.attributes
                0x000007cc       0x2c d:/ucb/pes/mcuxpressoinstalled/mcuxpressoide_11.2.0_4120/ide/plugins/com.nxp.mcuxpresso.tools.win32_11.2.0.202001021529/tools/bin/../lib/gcc/arm-none-eabi/9.2.1/../../../../arm-none-eabi/lib/thumb/v6-m/nofp\libcr_c.a(_asinacos.o)
 .ARM.attributes
                0x000007f8       0x2c d:/ucb/pes/mcuxpressoinstalled/mcuxpressoide_11.2.0_4120/ide/plugins/com.nxp.mcuxpresso.tools.win32_11.2.0.202001021529/tools/bin/../lib/gcc/arm-none-eabi/9.2.1/../../../../arm-none-eabi/lib/thumb/v6-m/nofp\libcr_c.a(_cr_sbrk.o)
 .ARM.attributes
                0x00000824       0x2c d:/ucb/pes/mcuxpressoinstalled/mcuxpressoide_11.2.0_4120/ide/plugins/com.nxp.mcuxpresso.tools.win32_11.2.0.202001021529/tools/bin/../lib/gcc/arm-none-eabi/9.2.1/../../../../arm-none-eabi/lib/thumb/v6-m/nofp\libcr_c.a(_fdopen.o)
 .ARM.attributes
                0x00000850       0x2c d:/ucb/pes/mcuxpressoinstalled/mcuxpressoide_11.2.0_4120/ide/plugins/com.nxp.mcuxpresso.tools.win32_11.2.0.202001021529/tools/bin/../lib/gcc/arm-none-eabi/9.2.1/../../../../arm-none-eabi/lib/thumb/v6-m/nofp\libcr_c.a(_frexpl.o)
 .ARM.attributes
                0x0000087c       0x2c d:/ucb/pes/mcuxpressoinstalled/mcuxpressoide_11.2.0_4120/ide/plugins/com.nxp.mcuxpresso.tools.win32_11.2.0.202001021529/tools/bin/../lib/gcc/arm-none-eabi/9.2.1/../../../../arm-none-eabi/lib/thumb/v6-m/nofp\libcr_c.a(_ldexpl.o)
 .ARM.attributes